Archive member included to satisfy reference by file (symbol)

/opt/truestudio/ARMTools/bin/../lib/gcc/arm-atollic-eabi/6.3.1/../../../../arm-atollic-eabi/lib/armv7e-m/fpu/libc_nano.a(lib_a-errno.o)
                              Application/TrueSTUDIO/syscalls.o (__errno)
/opt/truestudio/ARMTools/bin/../lib/gcc/arm-atollic-eabi/6.3.1/../../../../arm-atollic-eabi/lib/armv7e-m/fpu/libc_nano.a(lib_a-impure.o)
                              /opt/truestudio/ARMTools/bin/../lib/gcc/arm-atollic-eabi/6.3.1/../../../../arm-atollic-eabi/lib/armv7e-m/fpu/libc_nano.a(lib_a-errno.o) (_impure_ptr)
/opt/truestudio/ARMTools/bin/../lib/gcc/arm-atollic-eabi/6.3.1/../../../../arm-atollic-eabi/lib/armv7e-m/fpu/libc_nano.a(lib_a-init.o)
                              Application/TrueSTUDIO/startup_stm32l432xx.o (__libc_init_array)
/opt/truestudio/ARMTools/bin/../lib/gcc/arm-atollic-eabi/6.3.1/../../../../arm-atollic-eabi/lib/armv7e-m/fpu/libc_nano.a(lib_a-memcpy-stub.o)
                              Drivers/SSD1306_Driver/ssd1306.o (memcpy)
/opt/truestudio/ARMTools/bin/../lib/gcc/arm-atollic-eabi/6.3.1/../../../../arm-atollic-eabi/lib/armv7e-m/fpu/libc_nano.a(lib_a-memset.o)
                              Application/User/Core/main.o (memset)
/opt/truestudio/ARMTools/bin/../lib/gcc/arm-atollic-eabi/6.3.1/../../../../arm-atollic-eabi/lib/armv7e-m/fpu/libc_nano.a(lib_a-sprintf.o)
                              Application/User/Core/main.o (sprintf)
/opt/truestudio/ARMTools/bin/../lib/gcc/arm-atollic-eabi/6.3.1/../../../../arm-atollic-eabi/lib/armv7e-m/fpu/libc_nano.a(lib_a-nano-svfprintf.o)
                              /opt/truestudio/ARMTools/bin/../lib/gcc/arm-atollic-eabi/6.3.1/../../../../arm-atollic-eabi/lib/armv7e-m/fpu/libc_nano.a(lib_a-sprintf.o) (_svfprintf_r)
/opt/truestudio/ARMTools/bin/../lib/gcc/arm-atollic-eabi/6.3.1/../../../../arm-atollic-eabi/lib/armv7e-m/fpu/libc_nano.a(lib_a-nano-vfprintf_i.o)
                              /opt/truestudio/ARMTools/bin/../lib/gcc/arm-atollic-eabi/6.3.1/../../../../arm-atollic-eabi/lib/armv7e-m/fpu/libc_nano.a(lib_a-nano-svfprintf.o) (_printf_i)
/opt/truestudio/ARMTools/bin/../lib/gcc/arm-atollic-eabi/6.3.1/../../../../arm-atollic-eabi/lib/armv7e-m/fpu/libc_nano.a(lib_a-memchr.o)
                              /opt/truestudio/ARMTools/bin/../lib/gcc/arm-atollic-eabi/6.3.1/../../../../arm-atollic-eabi/lib/armv7e-m/fpu/libc_nano.a(lib_a-nano-svfprintf.o) (memchr)
/opt/truestudio/ARMTools/bin/../lib/gcc/arm-atollic-eabi/6.3.1/../../../../arm-atollic-eabi/lib/armv7e-m/fpu/libc_nano.a(lib_a-memmove.o)
                              /opt/truestudio/ARMTools/bin/../lib/gcc/arm-atollic-eabi/6.3.1/../../../../arm-atollic-eabi/lib/armv7e-m/fpu/libc_nano.a(lib_a-nano-svfprintf.o) (memmove)
/opt/truestudio/ARMTools/bin/../lib/gcc/arm-atollic-eabi/6.3.1/../../../../arm-atollic-eabi/lib/armv7e-m/fpu/libc_nano.a(lib_a-nano-freer.o)
                              /opt/truestudio/ARMTools/bin/../lib/gcc/arm-atollic-eabi/6.3.1/../../../../arm-atollic-eabi/lib/armv7e-m/fpu/libc_nano.a(lib_a-nano-svfprintf.o) (_free_r)
/opt/truestudio/ARMTools/bin/../lib/gcc/arm-atollic-eabi/6.3.1/../../../../arm-atollic-eabi/lib/armv7e-m/fpu/libc_nano.a(lib_a-nano-mallocr.o)
                              /opt/truestudio/ARMTools/bin/../lib/gcc/arm-atollic-eabi/6.3.1/../../../../arm-atollic-eabi/lib/armv7e-m/fpu/libc_nano.a(lib_a-nano-svfprintf.o) (_malloc_r)
/opt/truestudio/ARMTools/bin/../lib/gcc/arm-atollic-eabi/6.3.1/../../../../arm-atollic-eabi/lib/armv7e-m/fpu/libc_nano.a(lib_a-nano-reallocr.o)
                              /opt/truestudio/ARMTools/bin/../lib/gcc/arm-atollic-eabi/6.3.1/../../../../arm-atollic-eabi/lib/armv7e-m/fpu/libc_nano.a(lib_a-nano-svfprintf.o) (_realloc_r)
/opt/truestudio/ARMTools/bin/../lib/gcc/arm-atollic-eabi/6.3.1/../../../../arm-atollic-eabi/lib/armv7e-m/fpu/libc_nano.a(lib_a-sbrkr.o)
                              /opt/truestudio/ARMTools/bin/../lib/gcc/arm-atollic-eabi/6.3.1/../../../../arm-atollic-eabi/lib/armv7e-m/fpu/libc_nano.a(lib_a-nano-mallocr.o) (_sbrk_r)
/opt/truestudio/ARMTools/bin/../lib/gcc/arm-atollic-eabi/6.3.1/../../../../arm-atollic-eabi/lib/armv7e-m/fpu/libc_nano.a(lib_a-mlock.o)
                              /opt/truestudio/ARMTools/bin/../lib/gcc/arm-atollic-eabi/6.3.1/../../../../arm-atollic-eabi/lib/armv7e-m/fpu/libc_nano.a(lib_a-nano-freer.o) (__malloc_lock)
/opt/truestudio/ARMTools/bin/../lib/gcc/arm-atollic-eabi/6.3.1/../../../../arm-atollic-eabi/lib/armv7e-m/fpu/libc_nano.a(lib_a-nano-msizer.o)
                              /opt/truestudio/ARMTools/bin/../lib/gcc/arm-atollic-eabi/6.3.1/../../../../arm-atollic-eabi/lib/armv7e-m/fpu/libc_nano.a(lib_a-nano-reallocr.o) (_malloc_usable_size_r)
/opt/truestudio/ARMTools/bin/../lib/gcc/arm-atollic-eabi/6.3.1/../../../../arm-atollic-eabi/lib/armv7e-m/fpu/libc_nano.a(lib_a-reent.o)
[...]
Memory Configuration

Name             Origin             Length             Attributes
RAM              0x0000000020000000 0x0000000000010000 xrw
FLASH            0x0000000008000000 0x0000000000040000 xr
*default*        0x0000000000000000 0xffffffffffffffff

Linker script and memory map

LOAD /opt/truestudio/ARMTools/bin/../lib/gcc/arm-atollic-eabi/6.3.1/armv7e-m/fpu/crti.o
LOAD /opt/truestudio/ARMTools/bin/../lib/gcc/arm-atollic-eabi/6.3.1/armv7e-m/fpu/crtbegin.o
LOAD Application/TrueSTUDIO/startup_stm32l432xx.o
LOAD Application/TrueSTUDIO/syscalls.o
LOAD Application/User/Core/gpio.o
LOAD Application/User/Core/i2c.o
LOAD Application/User/Core/main.o
LOAD Application/User/Core/omgui.o
LOAD Application/User/Core/rtc.o
LOAD Application/User/Core/stm32l4xx_hal_msp.o
LOAD Application/User/Core/stm32l4xx_hal_timebase_tim.o
LOAD Application/User/Core/stm32l4xx_it.o
LOAD Application/User/Core/tim.o
LOAD Application/User/Core/usart.o
LOAD Drivers/CMSIS/system_stm32l4xx.o
LOAD Drivers/SSD1306_Driver/ssd1306.o
LOAD Drivers/SSD1306_Driver/ssd1306_fonts.o
LOAD Drivers/STM32L4xx_HAL_Driver/stm32l4xx_hal.o
LOAD Drivers/STM32L4xx_HAL_Driver/stm32l4xx_hal_cortex.o
LOAD Drivers/STM32L4xx_HAL_Driver/stm32l4xx_hal_dma.o
LOAD Drivers/STM32L4xx_HAL_Driver/stm32l4xx_hal_dma_ex.o
LOAD Drivers/STM32L4xx_HAL_Driver/stm32l4xx_hal_exti.o
LOAD Drivers/STM32L4xx_HAL_Driver/stm32l4xx_hal_flash.o
LOAD Drivers/STM32L4xx_HAL_Driver/stm32l4xx_hal_flash_ex.o
LOAD Drivers/STM32L4xx_HAL_Driver/stm32l4xx_hal_flash_ramfunc.o
LOAD Drivers/STM32L4xx_HAL_Driver/stm32l4xx_hal_gpio.o
LOAD Drivers/STM32L4xx_HAL_Driver/stm32l4xx_hal_i2c.o
LOAD Drivers/STM32L4xx_HAL_Driver/stm32l4xx_hal_i2c_ex.o
LOAD Drivers/STM32L4xx_HAL_Driver/stm32l4xx_hal_pwr.o
LOAD Drivers/STM32L4xx_HAL_Driver/stm32l4xx_hal_pwr_ex.o
LOAD Drivers/STM32L4xx_HAL_Driver/stm32l4xx_hal_rcc.o
LOAD Drivers/STM32L4xx_HAL_Driver/stm32l4xx_hal_rcc_ex.o
LOAD Drivers/STM32L4xx_HAL_Driver/stm32l4xx_hal_rtc.o
LOAD Drivers/STM32L4xx_HAL_Driver/stm32l4xx_hal_rtc_ex.o
LOAD Drivers/STM32L4xx_HAL_Driver/stm32l4xx_hal_tim.o
LOAD Drivers/STM32L4xx_HAL_Driver/stm32l4xx_hal_tim_ex.o
LOAD Drivers/STM32L4xx_HAL_Driver/stm32l4xx_hal_uart.o
LOAD Drivers/STM32L4xx_HAL_Driver/stm32l4xx_hal_uart_ex.o
LOAD Middlewares/FreeRTOS/cmsis_os2.o
LOAD Middlewares/FreeRTOS/croutine.o
LOAD Middlewares/FreeRTOS/event_groups.o
LOAD Middlewares/FreeRTOS/heap_4.o
LOAD Middlewares/FreeRTOS/list.o
LOAD Middlewares/FreeRTOS/port.o
LOAD Middlewares/FreeRTOS/queue.o
LOAD Middlewares/FreeRTOS/stream_buffer.o
LOAD Middlewares/FreeRTOS/tasks.o
LOAD Middlewares/FreeRTOS/timers.o
                0x0000000000000080                malloc_getpagesize_P = 0x80
START GROUP
LOAD /opt/truestudio/ARMTools/bin/../lib/gcc/arm-atollic-eabi/6.3.1/../../../../arm-atollic-eabi/lib/armv7e-m/fpu/libc_nano.a
LOAD /opt/truestudio/ARMTools/bin/../lib/gcc/arm-atollic-eabi/6.3.1/../../../../arm-atollic-eabi/lib/armv7e-m/fpu/libm.a
END GROUP
START GROUP
LOAD /opt/truestudio/ARMTools/bin/../lib/gcc/arm-atollic-eabi/6.3.1/armv7e-m/fpu/libgcc.a
LOAD /opt/truestudio/ARMTools/bin/../lib/gcc/arm-atollic-eabi/6.3.1/../../../../arm-atollic-eabi/lib/armv7e-m/fpu/libc_nano.a
END GROUP
START GROUP
LOAD /opt/truestudio/ARMTools/bin/../lib/gcc/arm-atollic-eabi/6.3.1/armv7e-m/fpu/libgcc.a
LOAD /opt/truestudio/ARMTools/bin/../lib/gcc/arm-atollic-eabi/6.3.1/../../../../arm-atollic-eabi/lib/armv7e-m/fpu/libc_nano.a
LOAD /opt/truestudio/ARMTools/bin/../lib/gcc/arm-atollic-eabi/6.3.1/../../../../arm-atollic-eabi/lib/armv7e-m/fpu/libnosys.a
END GROUP
START GROUP
LOAD /opt/truestudio/ARMTools/bin/../lib/gcc/arm-atollic-eabi/6.3.1/armv7e-m/fpu/libgcc.a
LOAD /opt/truestudio/ARMTools/bin/../lib/gcc/arm-atollic-eabi/6.3.1/../../../../arm-atollic-eabi/lib/armv7e-m/fpu/libc_nano.a
LOAD /opt/truestudio/ARMTools/bin/../lib/gcc/arm-atollic-eabi/6.3.1/../../../../arm-atollic-eabi/lib/armv7e-m/fpu/libnosys.a
END GROUP
LOAD /opt/truestudio/ARMTools/bin/../lib/gcc/arm-atollic-eabi/6.3.1/armv7e-m/fpu/crtend.o
LOAD /opt/truestudio/ARMTools/bin/../lib/gcc/arm-atollic-eabi/6.3.1/armv7e-m/fpu/crtn.o
                0x0000000020010000                _estack = 0x20010000
                0x0000000000000200                _Min_Heap_Size = 0x200
                0x0000000000000400                _Min_Stack_Size = 0x400

.isr_vector     0x0000000008000000      0x18c
                0x0000000008000000                . = ALIGN (0x4)
 *(.isr_vector)
 .isr_vector    0x0000000008000000      0x18c Application/TrueSTUDIO/startup_stm32l432xx.o
                0x0000000008000000                g_pfnVectors
                0x000000000800018c                . = ALIGN (0x4)

.text           0x0000000008000190     0x6ba4
                0x0000000008000190                . = ALIGN (0x4)
 *(.text)
 .text          0x0000000008000190       0x40 /opt/truestudio/ARMTools/bin/../lib/gcc/arm-atollic-eabi/6.3.1/armv7e-m/fpu/crtbegin.o
 .text          0x00000000080001d0       0xa0 /opt/truestudio/ARMTools/bin/../lib/gcc/arm-atollic-eabi/6.3.1/../../../../arm-atollic-eabi/lib/armv7e-m/fpu/libc_nano.a(lib_a-memchr.o)
                0x00000000080001d0                memchr
 .text          0x0000000008000270       0x30 /opt/truestudio/ARMTools/bin/../lib/gcc/arm-atollic-eabi/6.3.1/armv7e-m/fpu/libgcc.a(_aeabi_uldivmod.o)
                0x0000000008000270                __aeabi_uldivmod
 .text          0x00000000080002a0      0x2dc /opt/truestudio/ARMTools/bin/../lib/gcc/arm-atollic-eabi/6.3.1/armv7e-m/fpu/libgcc.a(_udivmoddi4.o)
                0x00000000080002a0                __udivmoddi4
 .text          0x000000000800057c        0x4 /opt/truestudio/ARMTools/bin/../lib/gcc/arm-atollic-eabi/6.3.1/armv7e-m/fpu/libgcc.a(_dvmd_tls.o)
                0x000000000800057c                __aeabi_ldiv0
                0x000000000800057c                __aeabi_idiv0
 *(.text*)
 .text.Reset_Handler
                0x0000000008000580       0x50 Application/TrueSTUDIO/startup_stm32l432xx.o
                0x0000000008000580                Reset_Handler
 .text.Default_Handler
                0x00000000080005d0        0x2 Application/TrueSTUDIO/startup_stm32l432xx.o
                0x00000000080005d0                RTC_Alarm_IRQHandler
                0x00000000080005d0                EXTI2_IRQHandler
                0x00000000080005d0                TIM1_CC_IRQHandler
                0x00000000080005d0                TSC_IRQHandler
                0x00000000080005d0                TAMP_STAMP_IRQHandler
                0x00000000080005d0                LPTIM2_IRQHandler
                0x00000000080005d0                I2C3_ER_IRQHandler
                0x00000000080005d0                EXTI0_IRQHandler
                0x00000000080005d0                CAN1_RX0_IRQHandler
                0x00000000080005d0                FPU_IRQHandler
                0x00000000080005d0                TIM1_UP_TIM16_IRQHandler
                0x00000000080005d0                SPI1_IRQHandler
                0x00000000080005d0                DMA2_Channel2_IRQHandler
                0x00000000080005d0                DMA1_Channel4_IRQHandler
                0x00000000080005d0                ADC1_IRQHandler
                0x00000000080005d0                DMA1_Channel7_IRQHandler
                0x00000000080005d0                CAN1_RX1_IRQHandler
                0x00000000080005d0                DMA2_Channel1_IRQHandler
                0x00000000080005d0                QUADSPI_IRQHandler
                0x00000000080005d0                I2C1_EV_IRQHandler
                0x00000000080005d0                DMA1_Channel6_IRQHandler
                0x00000000080005d0                DMA2_Channel4_IRQHandler
                0x00000000080005d0                RCC_IRQHandler
                0x00000000080005d0                TIM1_TRG_COM_IRQHandler
                0x00000000080005d0                DMA1_Channel1_IRQHandler
                0x00000000080005d0                Default_Handler
                0x00000000080005d0                DMA2_Channel7_IRQHandler
                0x00000000080005d0                EXTI15_10_IRQHandler
                0x00000000080005d0                TIM7_IRQHandler
                0x00000000080005d0                I2C3_EV_IRQHandler
                0x00000000080005d0                USB_IRQHandler
                0x00000000080005d0                EXTI9_5_IRQHandler
                0x00000000080005d0                RTC_WKUP_IRQHandler
                0x00000000080005d0                PVD_PVM_IRQHandler
                0x00000000080005d0                CAN1_TX_IRQHandler
                0x00000000080005d0                DMA2_Channel5_IRQHandler
                0x00000000080005d0                CRS_IRQHandler
                0x00000000080005d0                DMA1_Channel5_IRQHandler
                0x00000000080005d0                EXTI4_IRQHandler
                0x00000000080005d0                RNG_IRQHandler
                0x00000000080005d0                DMA1_Channel3_IRQHandler
                0x00000000080005d0                COMP_IRQHandler
                0x00000000080005d0                WWDG_IRQHandler
                0x00000000080005d0                LPUART1_IRQHandler
                0x00000000080005d0                DMA2_Channel6_IRQHandler
                0x00000000080005d0                EXTI1_IRQHandler
                0x00000000080005d0                USART2_IRQHandler
                0x00000000080005d0                DMA1_Channel2_IRQHandler
                0x00000000080005d0                CAN1_SCE_IRQHandler
                0x00000000080005d0                FLASH_IRQHandler
                0x00000000080005d0                USART1_IRQHandler
                0x00000000080005d0                SPI3_IRQHandler
                0x00000000080005d0                I2C1_ER_IRQHandler
                0x00000000080005d0                SWPMI1_IRQHandler
                0x00000000080005d0                LPTIM1_IRQHandler
                0x00000000080005d0                SAI1_IRQHandler
                0x00000000080005d0                DMA2_Channel3_IRQHandler
                0x00000000080005d0                TIM1_BRK_TIM15_IRQHandler
 *fill*         0x00000000080005d2        0x2 
 .text._sbrk    0x00000000080005d4       0x58 Application/TrueSTUDIO/syscalls.o
                0x00000000080005d4                _sbrk
 .text.MX_GPIO_Init
                0x000000000800062c      0x138 Application/User/Core/gpio.o
                0x000000000800062c                MX_GPIO_Init
 .text.MX_I2C1_Init
                0x0000000008000764       0x80 Application/User/Core/i2c.o
                0x0000000008000764                MX_I2C1_Init
 .text.HAL_I2C_MspInit
                0x00000000080007e4       0xc4 Application/User/Core/i2c.o
                0x00000000080007e4                HAL_I2C_MspInit
 .text.main     0x00000000080008a8      0x374 Application/User/Core/main.o
                0x00000000080008a8                main
 .text.SystemClock_Config
                0x0000000008000c1c       0xf8 Application/User/Core/main.o
                0x0000000008000c1c                SystemClock_Config
 .text.MX_NVIC_Init
                0x0000000008000d14       0x28 Application/User/Core/main.o
 .text.vTaskCode
                0x0000000008000d3c       0x14 Application/User/Core/main.o
                0x0000000008000d3c                vTaskCode
 .text.WgtMainSpeedCb
                0x0000000008000d50       0x14 Application/User/Core/main.o
                0x0000000008000d50                WgtMainSpeedCb
 .text.ScreenLogoShowCb
                0x0000000008000d64       0x14 Application/User/Core/main.o
                0x0000000008000d64                ScreenLogoShowCb
 .text.ScreenMainShowCb
                0x0000000008000d78       0x14 Application/User/Core/main.o
                0x0000000008000d78                ScreenMainShowCb
 .text.DisplayInitCb
                0x0000000008000d8c       0x30 Application/User/Core/main.o
                0x0000000008000d8c                DisplayInitCb
 .text.HAL_TIM_IC_CaptureCallback
                0x0000000008000dbc       0xc0 Application/User/Core/main.o
                0x0000000008000dbc                HAL_TIM_IC_CaptureCallback
 .text.HAL_TIM_PeriodElapsedCallback
                0x0000000008000e7c       0x68 Application/User/Core/main.o
                0x0000000008000e7c                HAL_TIM_PeriodElapsedCallback
 .text.Error_Handler
                0x0000000008000ee4        0x8 Application/User/Core/main.o
                0x0000000008000ee4                Error_Handler
 .text.omDisplayInit
                0x0000000008000eec       0x22 Application/User/Core/omgui.o
                0x0000000008000eec                omDisplayInit
 .text.omScreenSelect
                0x0000000008000f0e       0x40 Application/User/Core/omgui.o
                0x0000000008000f0e                omScreenSelect
 .text._omScreenInit
                0x0000000008000f4e       0x64 Application/User/Core/omgui.o
                0x0000000008000f4e                _omScreenInit
 .text.omScreenIsActive
                0x0000000008000fb2       0x2a Application/User/Core/omgui.o
                0x0000000008000fb2                omScreenIsActive
 .text.MX_RTC_Init
                0x0000000008000fdc       0xb8 Application/User/Core/rtc.o
                0x0000000008000fdc                MX_RTC_Init
 .text.HAL_RTC_MspInit
                0x0000000008001094       0x38 Application/User/Core/rtc.o
                0x0000000008001094                HAL_RTC_MspInit
 .text.HAL_MspInit
                0x00000000080010cc       0x50 Application/User/Core/stm32l4xx_hal_msp.o
                0x00000000080010cc                HAL_MspInit
 .text.HAL_InitTick
                0x000000000800111c       0xac Application/User/Core/stm32l4xx_hal_timebase_tim.o
                0x000000000800111c                HAL_InitTick
 .text.NMI_Handler
                0x00000000080011c8        0x6 Application/User/Core/stm32l4xx_it.o
                0x00000000080011c8                NMI_Handler
 .text.HardFault_Handler
                0x00000000080011ce        0x6 Application/User/Core/stm32l4xx_it.o
                0x00000000080011ce                HardFault_Handler
 .text.MemManage_Handler
                0x00000000080011d4        0x6 Application/User/Core/stm32l4xx_it.o
                0x00000000080011d4                MemManage_Handler
 .text.BusFault_Handler
                0x00000000080011da        0x6 Application/User/Core/stm32l4xx_it.o
                0x00000000080011da                BusFault_Handler
 .text.UsageFault_Handler
                0x00000000080011e0        0x6 Application/User/Core/stm32l4xx_it.o
                0x00000000080011e0                UsageFault_Handler
 .text.DebugMon_Handler
                0x00000000080011e6        0xe Application/User/Core/stm32l4xx_it.o
                0x00000000080011e6                DebugMon_Handler
 .text.EXTI3_IRQHandler
                0x00000000080011f4        0xe Application/User/Core/stm32l4xx_it.o
                0x00000000080011f4                EXTI3_IRQHandler
 *fill*         0x0000000008001202        0x2 
 .text.TIM2_IRQHandler
                0x0000000008001204       0x14 Application/User/Core/stm32l4xx_it.o
                0x0000000008001204                TIM2_IRQHandler
 .text.TIM6_DAC_IRQHandler
                0x0000000008001218       0x14 Application/User/Core/stm32l4xx_it.o
                0x0000000008001218                TIM6_DAC_IRQHandler
 .text.MX_TIM2_Init
                0x000000000800122c       0xe4 Application/User/Core/tim.o
                0x000000000800122c                MX_TIM2_Init
 .text.HAL_TIM_Base_MspInit
                0x0000000008001310       0x80 Application/User/Core/tim.o
                0x0000000008001310                HAL_TIM_Base_MspInit
 .text.MX_USART2_UART_Init
                0x0000000008001390       0x60 Application/User/Core/usart.o
                0x0000000008001390                MX_USART2_UART_Init
 .text.HAL_UART_MspInit
                0x00000000080013f0       0xa8 Application/User/Core/usart.o
                0x00000000080013f0                HAL_UART_MspInit
 .text.SystemInit
                0x0000000008001498       0x6c Drivers/CMSIS/system_stm32l4xx.o
                0x0000000008001498                SystemInit
 .text.ssd1306_Reset
                0x0000000008001504        0xe Drivers/SSD1306_Driver/ssd1306.o
                0x0000000008001504                ssd1306_Reset
 *fill*         0x0000000008001512        0x2 
 .text.ssd1306_WriteCommand
                0x0000000008001514       0x30 Drivers/SSD1306_Driver/ssd1306.o
                0x0000000008001514                ssd1306_WriteCommand
 .text.ssd1306_WriteData
                0x0000000008001544       0x34 Drivers/SSD1306_Driver/ssd1306.o
                0x0000000008001544                ssd1306_WriteData
 .text.ssd1306_Init
                0x0000000008001578       0xd4 Drivers/SSD1306_Driver/ssd1306.o
                0x0000000008001578                ssd1306_Init
 .text.ssd1306_Fill
                0x000000000800164c       0x44 Drivers/SSD1306_Driver/ssd1306.o
                0x000000000800164c                ssd1306_Fill
 .text.ssd1306_UpdateScreen
                0x0000000008001690       0x4c Drivers/SSD1306_Driver/ssd1306.o
                0x0000000008001690                ssd1306_UpdateScreen
 .text.ssd1306_DrawPixel
                0x00000000080016dc       0xc0 Drivers/SSD1306_Driver/ssd1306.o
                0x00000000080016dc                ssd1306_DrawPixel
 .text.ssd1306_WriteChar
                0x000000000800179c      0x110 Drivers/SSD1306_Driver/ssd1306.o
                0x000000000800179c                ssd1306_WriteChar
 .text.ssd1306_WriteString
                0x00000000080018ac       0x4c Drivers/SSD1306_Driver/ssd1306.o
                0x00000000080018ac                ssd1306_WriteString
 .text.ssd1306_SetCursor
                0x00000000080018f8       0x30 Drivers/SSD1306_Driver/ssd1306.o
                0x00000000080018f8                ssd1306_SetCursor
 .text.ssd1306_SetContrast
                0x0000000008001928       0x26 Drivers/SSD1306_Driver/ssd1306.o
                0x0000000008001928                ssd1306_SetContrast
 *fill*         0x000000000800194e        0x2 
 .text.ssd1306_SetDisplayOn
                0x0000000008001950       0x3c Drivers/SSD1306_Driver/ssd1306.o
                0x0000000008001950                ssd1306_SetDisplayOn
 .text.HAL_Init
                0x000000000800198c       0x30 Drivers/STM32L4xx_HAL_Driver/stm32l4xx_hal.o
                0x000000000800198c                HAL_Init
 .text.HAL_IncTick
                0x00000000080019bc       0x28 Drivers/STM32L4xx_HAL_Driver/stm32l4xx_hal.o
                0x00000000080019bc                HAL_IncTick
 .text.HAL_GetTick
                0x00000000080019e4       0x18 Drivers/STM32L4xx_HAL_Driver/stm32l4xx_hal.o
                0x00000000080019e4                HAL_GetTick
 .text.HAL_Delay
                0x00000000080019fc       0x44 Drivers/STM32L4xx_HAL_Driver/stm32l4xx_hal.o
                0x00000000080019fc                HAL_Delay
 .text.__NVIC_SetPriorityGrouping
                0x0000000008001a40       0x48 Drivers/STM32L4xx_HAL_Driver/stm32l4xx_hal_cortex.o
 .text.__NVIC_GetPriorityGrouping
                0x0000000008001a88       0x1c Drivers/STM32L4xx_HAL_Driver/stm32l4xx_hal_cortex.o
 .text.__NVIC_EnableIRQ
                0x0000000008001aa4       0x3c Drivers/STM32L4xx_HAL_Driver/stm32l4xx_hal_cortex.o
 .text.__NVIC_SetPriority
                0x0000000008001ae0       0x54 Drivers/STM32L4xx_HAL_Driver/stm32l4xx_hal_cortex.o
 .text.NVIC_EncodePriority
                0x0000000008001b34       0x62 Drivers/STM32L4xx_HAL_Driver/stm32l4xx_hal_cortex.o
 .text.HAL_NVIC_SetPriorityGrouping
                0x0000000008001b96       0x16 Drivers/STM32L4xx_HAL_Driver/stm32l4xx_hal_cortex.o
                0x0000000008001b96                HAL_NVIC_SetPriorityGrouping
 .text.HAL_NVIC_SetPriority
                0x0000000008001bac       0x38 Drivers/STM32L4xx_HAL_Driver/stm32l4xx_hal_cortex.o
                0x0000000008001bac                HAL_NVIC_SetPriority
 .text.HAL_NVIC_EnableIRQ
                0x0000000008001be4       0x1c Drivers/STM32L4xx_HAL_Driver/stm32l4xx_hal_cortex.o
                0x0000000008001be4                HAL_NVIC_EnableIRQ
 .text.HAL_GPIO_Init
                0x0000000008001c00      0x2d4 Drivers/STM32L4xx_HAL_Driver/stm32l4xx_hal_gpio.o
                0x0000000008001c00                HAL_GPIO_Init
 .text.HAL_GPIO_WritePin
                0x0000000008001ed4       0x30 Drivers/STM32L4xx_HAL_Driver/stm32l4xx_hal_gpio.o
                0x0000000008001ed4                HAL_GPIO_WritePin
 .text.HAL_GPIO_EXTI_IRQHandler
                0x0000000008001f04       0x30 Drivers/STM32L4xx_HAL_Driver/stm32l4xx_hal_gpio.o
                0x0000000008001f04                HAL_GPIO_EXTI_IRQHandler
 .text.HAL_GPIO_EXTI_Callback
                0x0000000008001f34       0x16 Drivers/STM32L4xx_HAL_Driver/stm32l4xx_hal_gpio.o
                0x0000000008001f34                HAL_GPIO_EXTI_Callback
 .text.HAL_I2C_Init
                0x0000000008001f4a      0x11c Drivers/STM32L4xx_HAL_Driver/stm32l4xx_hal_i2c.o
                0x0000000008001f4a                HAL_I2C_Init
 *fill*         0x0000000008002066        0x2 
 .text.HAL_I2C_Mem_Write
                0x0000000008002068      0x228 Drivers/STM32L4xx_HAL_Driver/stm32l4xx_hal_i2c.o
                0x0000000008002068                HAL_I2C_Mem_Write
 .text.I2C_RequestMemoryWrite
                0x0000000008002290       0xa8 Drivers/STM32L4xx_HAL_Driver/stm32l4xx_hal_i2c.o
 .text.I2C_Flush_TXDR
                0x0000000008002338       0x48 Drivers/STM32L4xx_HAL_Driver/stm32l4xx_hal_i2c.o
 .text.I2C_WaitOnFlagUntilTimeout
                0x0000000008002380       0x80 Drivers/STM32L4xx_HAL_Driver/stm32l4xx_hal_i2c.o
 .text.I2C_WaitOnTXISFlagUntilTimeout
                0x0000000008002400       0x80 Drivers/STM32L4xx_HAL_Driver/stm32l4xx_hal_i2c.o
 .text.I2C_WaitOnSTOPFlagUntilTimeout
                0x0000000008002480       0x78 Drivers/STM32L4xx_HAL_Driver/stm32l4xx_hal_i2c.o
 .text.I2C_IsAcknowledgeFailed
                0x00000000080024f8       0xcc Drivers/STM32L4xx_HAL_Driver/stm32l4xx_hal_i2c.o
 .text.I2C_TransferConfig
                0x00000000080025c4       0x58 Drivers/STM32L4xx_HAL_Driver/stm32l4xx_hal_i2c.o
 .text.HAL_I2CEx_ConfigAnalogFilter
                0x000000000800261c       0x96 Drivers/STM32L4xx_HAL_Driver/stm32l4xx_hal_i2c_ex.o
                0x000000000800261c                HAL_I2CEx_ConfigAnalogFilter
 .text.HAL_I2CEx_ConfigDigitalFilter
                0x00000000080026b2       0x98 Drivers/STM32L4xx_HAL_Driver/stm32l4xx_hal_i2c_ex.o
                0x00000000080026b2                HAL_I2CEx_ConfigDigitalFilter
 *fill*         0x000000000800274a        0x2 
 .text.HAL_PWREx_GetVoltageRange
                0x000000000800274c       0x1c Drivers/STM32L4xx_HAL_Driver/stm32l4xx_hal_pwr_ex.o
                0x000000000800274c                HAL_PWREx_GetVoltageRange
 .text.HAL_PWREx_ControlVoltageScaling
                0x0000000008002768       0xac Drivers/STM32L4xx_HAL_Driver/stm32l4xx_hal_pwr_ex.o
                0x0000000008002768                HAL_PWREx_ControlVoltageScaling
 .text.HAL_RCC_OscConfig
                0x0000000008002814      0x840 Drivers/STM32L4xx_HAL_Driver/stm32l4xx_hal_rcc.o
                0x0000000008002814                HAL_RCC_OscConfig
 .text.HAL_RCC_ClockConfig
                0x0000000008003054      0x1c4 Drivers/STM32L4xx_HAL_Driver/stm32l4xx_hal_rcc.o
                0x0000000008003054                HAL_RCC_ClockConfig
 .text.HAL_RCC_GetSysClockFreq
                0x0000000008003218      0x114 Drivers/STM32L4xx_HAL_Driver/stm32l4xx_hal_rcc.o
                0x0000000008003218                HAL_RCC_GetSysClockFreq
 .text.HAL_RCC_GetHCLKFreq
                0x000000000800332c       0x18 Drivers/STM32L4xx_HAL_Driver/stm32l4xx_hal_rcc.o
                0x000000000800332c                HAL_RCC_GetHCLKFreq
 .text.HAL_RCC_GetPCLK1Freq
                0x0000000008003344       0x2c Drivers/STM32L4xx_HAL_Driver/stm32l4xx_hal_rcc.o
                0x0000000008003344                HAL_RCC_GetPCLK1Freq
 .text.HAL_RCC_GetPCLK2Freq
                0x0000000008003370       0x2c Drivers/STM32L4xx_HAL_Driver/stm32l4xx_hal_rcc.o
                0x0000000008003370                HAL_RCC_GetPCLK2Freq
 .text.HAL_RCC_GetClockConfig
                0x000000000800339c       0x64 Drivers/STM32L4xx_HAL_Driver/stm32l4xx_hal_rcc.o
                0x000000000800339c                HAL_RCC_GetClockConfig
 .text.RCC_SetFlashLatencyFromMSIRange
                0x0000000008003400       0xc0 Drivers/STM32L4xx_HAL_Driver/stm32l4xx_hal_rcc.o
 .text.HAL_RCCEx_PeriphCLKConfig
                0x00000000080034c0      0x3e4 Drivers/STM32L4xx_HAL_Driver/stm32l4xx_hal_rcc_ex.o
                0x00000000080034c0                HAL_RCCEx_PeriphCLKConfig
 .text.RCCEx_PLLSAI1_Config
                0x00000000080038a4      0x1e0 Drivers/STM32L4xx_HAL_Driver/stm32l4xx_hal_rcc_ex.o
 .text.HAL_RTC_Init
                0x0000000008003a84       0xf6 Drivers/STM32L4xx_HAL_Driver/stm32l4xx_hal_rtc.o
                0x0000000008003a84                HAL_RTC_Init
 .text.HAL_RTC_SetTime
                0x0000000008003b7a      0x13a Drivers/STM32L4xx_HAL_Driver/stm32l4xx_hal_rtc.o
                0x0000000008003b7a                HAL_RTC_SetTime
 .text.HAL_RTC_SetDate
                0x0000000008003cb4      0x10e Drivers/STM32L4xx_HAL_Driver/stm32l4xx_hal_rtc.o
                0x0000000008003cb4                HAL_RTC_SetDate
 .text.HAL_RTC_WaitForSynchro
                0x0000000008003dc2       0x4c Drivers/STM32L4xx_HAL_Driver/stm32l4xx_hal_rtc.o
                0x0000000008003dc2                HAL_RTC_WaitForSynchro
 .text.RTC_EnterInitMode
                0x0000000008003e0e       0x66 Drivers/STM32L4xx_HAL_Driver/stm32l4xx_hal_rtc.o
                0x0000000008003e0e                RTC_EnterInitMode
 .text.RTC_ExitInitMode
                0x0000000008003e74       0x7c Drivers/STM32L4xx_HAL_Driver/stm32l4xx_hal_rtc.o
                0x0000000008003e74                RTC_ExitInitMode
 .text.RTC_ByteToBcd2
                0x0000000008003ef0       0x40 Drivers/STM32L4xx_HAL_Driver/stm32l4xx_hal_rtc.o
                0x0000000008003ef0                RTC_ByteToBcd2
 .text.HAL_TIM_Base_Init
                0x0000000008003f30       0xae Drivers/STM32L4xx_HAL_Driver/stm32l4xx_hal_tim.o
                0x0000000008003f30                HAL_TIM_Base_Init
 *fill*         0x0000000008003fde        0x2 
 .text.HAL_TIM_Base_Start_IT
                0x0000000008003fe0       0xa8 Drivers/STM32L4xx_HAL_Driver/stm32l4xx_hal_tim.o
                0x0000000008003fe0                HAL_TIM_Base_Start_IT
 .text.HAL_TIM_IC_Init
                0x0000000008004088       0xae Drivers/STM32L4xx_HAL_Driver/stm32l4xx_hal_tim.o
                0x0000000008004088                HAL_TIM_IC_Init
 .text.HAL_TIM_IC_MspInit
                0x0000000008004136       0x14 Drivers/STM32L4xx_HAL_Driver/stm32l4xx_hal_tim.o
                0x0000000008004136                HAL_TIM_IC_MspInit
 *fill*         0x000000000800414a        0x2 
 .text.HAL_TIM_IC_Start_IT
                0x000000000800414c      0x24c Drivers/STM32L4xx_HAL_Driver/stm32l4xx_hal_tim.o
                0x000000000800414c                HAL_TIM_IC_Start_IT
 .text.HAL_TIM_IRQHandler
                0x0000000008004398      0x23e Drivers/STM32L4xx_HAL_Driver/stm32l4xx_hal_tim.o
                0x0000000008004398                HAL_TIM_IRQHandler
 .text.HAL_TIM_IC_ConfigChannel
                0x00000000080045d6      0x128 Drivers/STM32L4xx_HAL_Driver/stm32l4xx_hal_tim.o
                0x00000000080045d6                HAL_TIM_IC_ConfigChannel
 .text.HAL_TIM_ConfigClockSource
                0x00000000080046fe      0x172 Drivers/STM32L4xx_HAL_Driver/stm32l4xx_hal_tim.o
                0x00000000080046fe                HAL_TIM_ConfigClockSource
 .text.HAL_TIM_OC_DelayElapsedCallback
                0x0000000008004870       0x14 Drivers/STM32L4xx_HAL_Driver/stm32l4xx_hal_tim.o
                0x0000000008004870                HAL_TIM_OC_DelayElapsedCallback
 .text.HAL_TIM_PWM_PulseFinishedCallback
                0x0000000008004884       0x14 Drivers/STM32L4xx_HAL_Driver/stm32l4xx_hal_tim.o
                0x0000000008004884                HAL_TIM_PWM_PulseFinishedCallback
 .text.HAL_TIM_TriggerCallback
                0x0000000008004898       0x14 Drivers/STM32L4xx_HAL_Driver/stm32l4xx_hal_tim.o
                0x0000000008004898                HAL_TIM_TriggerCallback
 .text.TIM_Base_SetConfig
                0x00000000080048ac       0xc8 Drivers/STM32L4xx_HAL_Driver/stm32l4xx_hal_tim.o
                0x00000000080048ac                TIM_Base_SetConfig
 .text.TIM_TI1_SetConfig
                0x0000000008004974       0xac Drivers/STM32L4xx_HAL_Driver/stm32l4xx_hal_tim.o
                0x0000000008004974                TIM_TI1_SetConfig
 .text.TIM_TI1_ConfigInputStage
                0x0000000008004a20       0x5e Drivers/STM32L4xx_HAL_Driver/stm32l4xx_hal_tim.o
 .text.TIM_TI2_SetConfig
                0x0000000008004a7e       0x7a Drivers/STM32L4xx_HAL_Driver/stm32l4xx_hal_tim.o
 .text.TIM_TI2_ConfigInputStage
                0x0000000008004af8       0x60 Drivers/STM32L4xx_HAL_Driver/stm32l4xx_hal_tim.o
 .text.TIM_TI3_SetConfig
                0x0000000008004b58       0x78 Drivers/STM32L4xx_HAL_Driver/stm32l4xx_hal_tim.o
 .text.TIM_TI4_SetConfig
                0x0000000008004bd0       0x7a Drivers/STM32L4xx_HAL_Driver/stm32l4xx_hal_tim.o
 .text.TIM_ITRx_SetConfig
                0x0000000008004c4a       0x36 Drivers/STM32L4xx_HAL_Driver/stm32l4xx_hal_tim.o
 .text.TIM_ETR_SetConfig
                0x0000000008004c80       0x40 Drivers/STM32L4xx_HAL_Driver/stm32l4xx_hal_tim.o
                0x0000000008004c80                TIM_ETR_SetConfig
 .text.TIM_CCxChannelCmd
                0x0000000008004cc0       0x4a Drivers/STM32L4xx_HAL_Driver/stm32l4xx_hal_tim.o
                0x0000000008004cc0                TIM_CCxChannelCmd
 *fill*         0x0000000008004d0a        0x2 
 .text.HAL_TIMEx_MasterConfigSynchronization
                0x0000000008004d0c       0xcc Drivers/STM32L4xx_HAL_Driver/stm32l4xx_hal_tim_ex.o
                0x0000000008004d0c                HAL_TIMEx_MasterConfigSynchronization
 .text.HAL_TIMEx_CommutCallback
                0x0000000008004dd8       0x14 Drivers/STM32L4xx_HAL_Driver/stm32l4xx_hal_tim_ex.o
                0x0000000008004dd8                HAL_TIMEx_CommutCallback
 .text.HAL_TIMEx_BreakCallback
                0x0000000008004dec       0x14 Drivers/STM32L4xx_HAL_Driver/stm32l4xx_hal_tim_ex.o
                0x0000000008004dec                HAL_TIMEx_BreakCallback
 .text.HAL_TIMEx_Break2Callback
                0x0000000008004e00       0x14 Drivers/STM32L4xx_HAL_Driver/stm32l4xx_hal_tim_ex.o
                0x0000000008004e00                HAL_TIMEx_Break2Callback
 .text.HAL_UART_Init
                0x0000000008004e14       0x9c Drivers/STM32L4xx_HAL_Driver/stm32l4xx_hal_uart.o
                0x0000000008004e14                HAL_UART_Init
 .text.UART_SetConfig
                0x0000000008004eb0      0x410 Drivers/STM32L4xx_HAL_Driver/stm32l4xx_hal_uart.o
                0x0000000008004eb0                UART_SetConfig
 .text.UART_AdvFeatureConfig
                0x00000000080052c0      0x144 Drivers/STM32L4xx_HAL_Driver/stm32l4xx_hal_uart.o
                0x00000000080052c0                UART_AdvFeatureConfig
 .text.UART_CheckIdleState
                0x0000000008005404       0x8a Drivers/STM32L4xx_HAL_Driver/stm32l4xx_hal_uart.o
                0x0000000008005404                UART_CheckIdleState
 .text.UART_WaitOnFlagUntilTimeout
                0x000000000800548e       0xf6 Drivers/STM32L4xx_HAL_Driver/stm32l4xx_hal_uart.o
                0x000000000800548e                UART_WaitOnFlagUntilTimeout
 .text.pvPortMalloc
                0x0000000008005584      0x184 Middlewares/FreeRTOS/heap_4.o
                0x0000000008005584                pvPortMalloc
 .text.vPortFree
                0x0000000008005708       0xb0 Middlewares/FreeRTOS/heap_4.o
                0x0000000008005708                vPortFree
 .text.prvHeapInit
                0x00000000080057b8       0xc4 Middlewares/FreeRTOS/heap_4.o
 .text.prvInsertBlockIntoFreeList
                0x000000000800587c       0xb4 Middlewares/FreeRTOS/heap_4.o
 .text.vListInitialise
                0x0000000008005930       0x40 Middlewares/FreeRTOS/list.o
                0x0000000008005930                vListInitialise
 .text.vListInitialiseItem
                0x0000000008005970       0x1a Middlewares/FreeRTOS/list.o
                0x0000000008005970                vListInitialiseItem
 .text.vListInsertEnd
                0x000000000800598a       0x48 Middlewares/FreeRTOS/list.o
                0x000000000800598a                vListInsertEnd
 .text.uxListRemove
                0x00000000080059d2       0x54 Middlewares/FreeRTOS/list.o
                0x00000000080059d2                uxListRemove
 *fill*         0x0000000008005a26        0x2 
 .text.pxPortInitialiseStack
                0x0000000008005a28       0x68 Middlewares/FreeRTOS/port.o
                0x0000000008005a28                pxPortInitialiseStack
 .text.prvTaskExitError
                0x0000000008005a90       0x54 Middlewares/FreeRTOS/port.o
 *fill*         0x0000000008005ae4        0xc 
 .text.SVC_Handler
                0x0000000008005af0       0x28 Middlewares/FreeRTOS/port.o
                0x0000000008005af0                SVC_Handler
 .text.vPortEnterCritical
                0x0000000008005b18       0x5c Middlewares/FreeRTOS/port.o
                0x0000000008005b18                vPortEnterCritical
 .text.vPortExitCritical
                0x0000000008005b74       0x50 Middlewares/FreeRTOS/port.o
                0x0000000008005b74                vPortExitCritical
 *fill*         0x0000000008005bc4        0xc 
 .text.PendSV_Handler
                0x0000000008005bd0       0x68 Middlewares/FreeRTOS/port.o
                0x0000000008005bd0                PendSV_Handler
 .text.SysTick_Handler
                0x0000000008005c38       0x40 Middlewares/FreeRTOS/port.o
                0x0000000008005c38                SysTick_Handler
 .text.xTaskCreate
                0x0000000008005c78       0x8a Middlewares/FreeRTOS/tasks.o
                0x0000000008005c78                xTaskCreate
 .text.prvInitialiseNewTask
                0x0000000008005d02      0x11c Middlewares/FreeRTOS/tasks.o
 *fill*         0x0000000008005e1e        0x2 
 .text.prvAddNewTaskToReadyList
                0x0000000008005e20       0xe0 Middlewares/FreeRTOS/tasks.o
 .text.vTaskDelete
                0x0000000008005f00       0xe4 Middlewares/FreeRTOS/tasks.o
                0x0000000008005f00                vTaskDelete
 .text.vTaskSuspendAll
                0x0000000008005fe4       0x1c Middlewares/FreeRTOS/tasks.o
                0x0000000008005fe4                vTaskSuspendAll
 .text.xTaskResumeAll
                0x0000000008006000      0x138 Middlewares/FreeRTOS/tasks.o
                0x0000000008006000                xTaskResumeAll
 .text.xTaskIncrementTick
                0x0000000008006138      0x170 Middlewares/FreeRTOS/tasks.o
                0x0000000008006138                xTaskIncrementTick
 .text.vTaskSwitchContext
                0x00000000080062a8       0xb8 Middlewares/FreeRTOS/tasks.o
                0x00000000080062a8                vTaskSwitchContext
 .text.prvInitialiseTaskLists
                0x0000000008006360       0x80 Middlewares/FreeRTOS/tasks.o
 .text.prvDeleteTCB
                0x00000000080063e0       0x5c Middlewares/FreeRTOS/tasks.o
 .text.prvResetNextTaskUnblockTime
                0x000000000800643c       0x40 Middlewares/FreeRTOS/tasks.o
 .text.__errno  0x000000000800647c        0xc /opt/truestudio/ARMTools/bin/../lib/gcc/arm-atollic-eabi/6.3.1/../../../../arm-atollic-eabi/lib/armv7e-m/fpu/libc_nano.a(lib_a-errno.o)
                0x000000000800647c                __errno
 .text.__libc_init_array
                0x0000000008006488       0x48 /opt/truestudio/ARMTools/bin/../lib/gcc/arm-atollic-eabi/6.3.1/../../../../arm-atollic-eabi/lib/armv7e-m/fpu/libc_nano.a(lib_a-init.o)
                0x0000000008006488                __libc_init_array
 .text.memcpy   0x00000000080064d0       0x16 /opt/truestudio/ARMTools/bin/../lib/gcc/arm-atollic-eabi/6.3.1/../../../../arm-atollic-eabi/lib/armv7e-m/fpu/libc_nano.a(lib_a-memcpy-stub.o)
                0x00000000080064d0                memcpy
 .text.memset   0x00000000080064e6       0x10 /opt/truestudio/ARMTools/bin/../lib/gcc/arm-atollic-eabi/6.3.1/../../../../arm-atollic-eabi/lib/armv7e-m/fpu/libc_nano.a(lib_a-memset.o)
                0x00000000080064e6                memset
 *fill*         0x00000000080064f6        0x2 
 .text.sprintf  0x00000000080064f8       0x48 /opt/truestudio/ARMTools/bin/../lib/gcc/arm-atollic-eabi/6.3.1/../../../../arm-atollic-eabi/lib/armv7e-m/fpu/libc_nano.a(lib_a-sprintf.o)
                0x00000000080064f8                sprintf
                0x00000000080064f8                siprintf
 .text.__ssputs_r
                0x0000000008006540       0xb6 /opt/truestudio/ARMTools/bin/../lib/gcc/arm-atollic-eabi/6.3.1/../../../../arm-atollic-eabi/lib/armv7e-m/fpu/libc_nano.a(lib_a-nano-svfprintf.o)
                0x0000000008006540                __ssputs_r
 *fill*         0x00000000080065f6        0x2 
 .text._svfprintf_r
                0x00000000080065f8      0x1e8 /opt/truestudio/ARMTools/bin/../lib/gcc/arm-atollic-eabi/6.3.1/../../../../arm-atollic-eabi/lib/armv7e-m/fpu/libc_nano.a(lib_a-nano-svfprintf.o)
                0x00000000080065f8                _svfprintf_r
                0x00000000080065f8                _svfiprintf_r
 .text._printf_common
                0x00000000080067e0       0xec /opt/truestudio/ARMTools/bin/../lib/gcc/arm-atollic-eabi/6.3.1/../../../../arm-atollic-eabi/lib/armv7e-m/fpu/libc_nano.a(lib_a-nano-vfprintf_i.o)
                0x00000000080067e0                _printf_common
 .text._printf_i
                0x00000000080068cc      0x240 /opt/truestudio/ARMTools/bin/../lib/gcc/arm-atollic-eabi/6.3.1/../../../../arm-atollic-eabi/lib/armv7e-m/fpu/libc_nano.a(lib_a-nano-vfprintf_i.o)
                0x00000000080068cc                _printf_i
 .text.memmove  0x0000000008006b0c       0x34 /opt/truestudio/ARMTools/bin/../lib/gcc/arm-atollic-eabi/6.3.1/../../../../arm-atollic-eabi/lib/armv7e-m/fpu/libc_nano.a(lib_a-memmove.o)
                0x0000000008006b0c                memmove
 .text._free_r  0x0000000008006b40       0x9c /opt/truestudio/ARMTools/bin/../lib/gcc/arm-atollic-eabi/6.3.1/../../../../arm-atollic-eabi/lib/armv7e-m/fpu/libc_nano.a(lib_a-nano-freer.o)
                0x0000000008006b40                _free_r
 .text._malloc_r
                0x0000000008006bdc       0xbc /opt/truestudio/ARMTools/bin/../lib/gcc/arm-atollic-eabi/6.3.1/../../../../arm-atollic-eabi/lib/armv7e-m/fpu/libc_nano.a(lib_a-nano-mallocr.o)
                0x0000000008006bdc                _malloc_r
 .text._realloc_r
                0x0000000008006c98       0x4c /opt/truestudio/ARMTools/bin/../lib/gcc/arm-atollic-eabi/6.3.1/../../../../arm-atollic-eabi/lib/armv7e-m/fpu/libc_nano.a(lib_a-nano-reallocr.o)
                0x0000000008006c98                _realloc_r
 .text._sbrk_r  0x0000000008006ce4       0x20 /opt/truestudio/ARMTools/bin/../lib/gcc/arm-atollic-eabi/6.3.1/../../../../arm-atollic-eabi/lib/armv7e-m/fpu/libc_nano.a(lib_a-sbrkr.o)
                0x0000000008006ce4                _sbrk_r
 .text.__malloc_lock
                0x0000000008006d04        0x2 /opt/truestudio/ARMTools/bin/../lib/gcc/arm-atollic-eabi/6.3.1/../../../../arm-atollic-eabi/lib/armv7e-m/fpu/libc_nano.a(lib_a-mlock.o)
                0x0000000008006d04                __malloc_lock
 .text.__malloc_unlock
                0x0000000008006d06        0x2 /opt/truestudio/ARMTools/bin/../lib/gcc/arm-atollic-eabi/6.3.1/../../../../arm-atollic-eabi/lib/armv7e-m/fpu/libc_nano.a(lib_a-mlock.o)
                0x0000000008006d06                __malloc_unlock
 .text._malloc_usable_size_r
                0x0000000008006d08       0x12 /opt/truestudio/ARMTools/bin/../lib/gcc/arm-atollic-eabi/6.3.1/../../../../arm-atollic-eabi/lib/armv7e-m/fpu/libc_nano.a(lib_a-nano-msizer.o)
                0x0000000008006d08                _malloc_usable_size_r
 *(.glue_7)
 .glue_7        0x0000000008006d1a        0x0 linker stubs
 *(.glue_7t)
 .glue_7t       0x0000000008006d1a        0x0 linker stubs
 *(.eh_frame)
 *fill*         0x0000000008006d1a        0x2 
 .eh_frame      0x0000000008006d1c        0x0 /opt/truestudio/ARMTools/bin/../lib/gcc/arm-atollic-eabi/6.3.1/armv7e-m/fpu/crtbegin.o
 *(.init)
 .init          0x0000000008006d1c        0x4 /opt/truestudio/ARMTools/bin/../lib/gcc/arm-atollic-eabi/6.3.1/armv7e-m/fpu/crti.o
                0x0000000008006d1c                _init
 .init          0x0000000008006d20        0x8 /opt/truestudio/ARMTools/bin/../lib/gcc/arm-atollic-eabi/6.3.1/armv7e-m/fpu/crtn.o
 *(.fini)
 .fini          0x0000000008006d28        0x4 /opt/truestudio/ARMTools/bin/../lib/gcc/arm-atollic-eabi/6.3.1/armv7e-m/fpu/crti.o
                0x0000000008006d28                _fini
 .fini          0x0000000008006d2c        0x8 /opt/truestudio/ARMTools/bin/../lib/gcc/arm-atollic-eabi/6.3.1/armv7e-m/fpu/crtn.o
                0x0000000008006d34                . = ALIGN (0x4)
                0x0000000008006d34                _etext = .

.vfp11_veneer   0x0000000008006d34        0x0
 .vfp11_veneer  0x0000000008006d34        0x0 linker stubs

.v4_bx          0x0000000008006d34        0x0
 .v4_bx         0x0000000008006d34        0x0 linker stubs

.iplt           0x0000000008006d34        0x0
 .iplt          0x0000000008006d34        0x0 /opt/truestudio/ARMTools/bin/../lib/gcc/arm-atollic-eabi/6.3.1/armv7e-m/fpu/crtbegin.o

.rodata         0x0000000008006d34      0x80c
                0x0000000008006d34                . = ALIGN (0x4)
 *(.rodata)
 .rodata        0x0000000008006d34       0x21 Application/User/Core/main.o
 *(.rodata*)
 *fill*         0x0000000008006d55        0x3 
 .rodata.AHBPrescTable
                0x0000000008006d58       0x10 Drivers/CMSIS/system_stm32l4xx.o
                0x0000000008006d58                AHBPrescTable
 .rodata.APBPrescTable
                0x0000000008006d68        0x8 Drivers/CMSIS/system_stm32l4xx.o
                0x0000000008006d68                APBPrescTable
 .rodata.MSIRangeTable
                0x0000000008006d70       0x30 Drivers/CMSIS/system_stm32l4xx.o
                0x0000000008006d70                MSIRangeTable
 .rodata.Font7x10
                0x0000000008006da0      0x76c Drivers/SSD1306_Driver/ssd1306_fonts.o
 .rodata._svfprintf_r.str1.1
                0x000000000800750c       0x11 /opt/truestudio/ARMTools/bin/../lib/gcc/arm-atollic-eabi/6.3.1/../../../../arm-atollic-eabi/lib/armv7e-m/fpu/libc_nano.a(lib_a-nano-svfprintf.o)
 .rodata._printf_i.str1.1
                0x000000000800751d       0x22 /opt/truestudio/ARMTools/bin/../lib/gcc/arm-atollic-eabi/6.3.1/../../../../arm-atollic-eabi/lib/armv7e-m/fpu/libc_nano.a(lib_a-nano-vfprintf_i.o)
                0x0000000008007540                . = ALIGN (0x4)
 *fill*         0x000000000800753f        0x1 

.ARM.extab
 *(.ARM.extab* .gnu.linkonce.armextab.*)

.ARM            0x0000000008007540        0x8
                0x0000000008007540                __exidx_start = .
 *(.ARM.exidx*)
 .ARM.exidx     0x0000000008007540        0x8 /opt/truestudio/ARMTools/bin/../lib/gcc/arm-atollic-eabi/6.3.1/armv7e-m/fpu/libgcc.a(_udivmoddi4.o)
                0x0000000008007548                __exidx_end = .

.rel.dyn        0x0000000008007548        0x0
 .rel.iplt      0x0000000008007548        0x0 /opt/truestudio/ARMTools/bin/../lib/gcc/arm-atollic-eabi/6.3.1/armv7e-m/fpu/crtbegin.o

.preinit_array  0x0000000008007548        0x0
                0x0000000008007548                PROVIDE (__preinit_array_start, .)
 *(.preinit_array*)
                0x0000000008007548                PROVIDE (__preinit_array_end, .)

.init_array     0x0000000008007548        0x4
                0x0000000008007548                PROVIDE (__init_array_start, .)
 *(SORT(.init_array.*))
 *(.init_array*)
 .init_array    0x0000000008007548        0x4 /opt/truestudio/ARMTools/bin/../lib/gcc/arm-atollic-eabi/6.3.1/armv7e-m/fpu/crtbegin.o
                0x000000000800754c                PROVIDE (__init_array_end, .)

.fini_array     0x000000000800754c        0x4
                [!provide]                        PROVIDE (__fini_array_start, .)
 *(SORT(.fini_array.*))
 *(.fini_array*)
 .fini_array    0x000000000800754c        0x4 /opt/truestudio/ARMTools/bin/../lib/gcc/arm-atollic-eabi/6.3.1/armv7e-m/fpu/crtbegin.o
                [!provide]                        PROVIDE (__fini_array_end, .)
                0x0000000008007550                _sidata = LOADADDR (.data)

.data           0x0000000020000000       0x7c load address 0x0000000008007550
                0x0000000020000000                . = ALIGN (0x4)
                0x0000000020000000                _sdata = .
 *(.data)
 *(.data*)
 .data.SystemCoreClock
                0x0000000020000000        0x4 Drivers/CMSIS/system_stm32l4xx.o
                0x0000000020000000                SystemCoreClock
 .data.Font_7x10
                0x0000000020000004        0x8 Drivers/SSD1306_Driver/ssd1306_fonts.o
                0x0000000020000004                Font_7x10
 .data.uwTickPrio
                0x000000002000000c        0x4 Drivers/STM32L4xx_HAL_Driver/stm32l4xx_hal.o
                0x000000002000000c                uwTickPrio
 .data.uwTickFreq
                0x0000000020000010        0x1 Drivers/STM32L4xx_HAL_Driver/stm32l4xx_hal.o
                0x0000000020000010                uwTickFreq
 *fill*         0x0000000020000011        0x3 
 .data.uxCriticalNesting
                0x0000000020000014        0x4 Middlewares/FreeRTOS/port.o
 .data._impure_ptr
                0x0000000020000018        0x4 /opt/truestudio/ARMTools/bin/../lib/gcc/arm-atollic-eabi/6.3.1/../../../../arm-atollic-eabi/lib/armv7e-m/fpu/libc_nano.a(lib_a-impure.o)
                0x0000000020000018                _impure_ptr
 .data.impure_data
                0x000000002000001c       0x60 /opt/truestudio/ARMTools/bin/../lib/gcc/arm-atollic-eabi/6.3.1/../../../../arm-atollic-eabi/lib/armv7e-m/fpu/libc_nano.a(lib_a-impure.o)
                0x000000002000007c                . = ALIGN (0x4)
                0x000000002000007c                _edata = .

.igot.plt       0x000000002000007c        0x0 load address 0x00000000080075cc
 .igot.plt      0x000000002000007c        0x0 /opt/truestudio/ARMTools/bin/../lib/gcc/arm-atollic-eabi/6.3.1/armv7e-m/fpu/crtbegin.o
                0x000000002000007c                . = ALIGN (0x4)

.bss            0x000000002000007c     0x1764 load address 0x00000000080075cc
                0x000000002000007c                _sbss = .
                0x000000002000007c                __bss_start__ = _sbss
 *(.bss)
 .bss           0x000000002000007c       0x1c /opt/truestudio/ARMTools/bin/../lib/gcc/arm-atollic-eabi/6.3.1/armv7e-m/fpu/crtbegin.o
 *(.bss*)
 .bss.heap_end.7010
                0x0000000020000098        0x4 Application/TrueSTUDIO/syscalls.o
 .bss.u8_RPM_State
                0x000000002000009c        0x1 Application/User/Core/main.o
                0x000000002000009c                u8_RPM_State
 *fill*         0x000000002000009d        0x3 
 .bss.u32_RPM_T1
                0x00000000200000a0        0x4 Application/User/Core/main.o
                0x00000000200000a0                u32_RPM_T1
 .bss.u32_RPM_T2
                0x00000000200000a4        0x4 Application/User/Core/main.o
                0x00000000200000a4                u32_RPM_T2
 .bss.u32_RPM_Ticks
                0x00000000200000a8        0x4 Application/User/Core/main.o
                0x00000000200000a8                u32_RPM_Ticks
 .bss.u16_TIM2_OVC
                0x00000000200000ac        0x2 Application/User/Core/main.o
                0x00000000200000ac                u16_TIM2_OVC
 *fill*         0x00000000200000ae        0x2 
 .bss.u32_RPM_Freq
                0x00000000200000b0        0x4 Application/User/Core/main.o
                0x00000000200000b0                u32_RPM_Freq
 .bss.SSD1306_Buffer
                0x00000000200000b4      0x400 Drivers/SSD1306_Driver/ssd1306.o
 .bss.SSD1306   0x00000000200004b4        0x8 Drivers/SSD1306_Driver/ssd1306.o
 .bss.ucHeap    0x00000000200004bc      0xbb8 Middlewares/FreeRTOS/heap_4.o
 .bss.xStart    0x0000000020001074        0x8 Middlewares/FreeRTOS/heap_4.o
 .bss.pxEnd     0x000000002000107c        0x4 Middlewares/FreeRTOS/heap_4.o
 .bss.xFreeBytesRemaining
                0x0000000020001080        0x4 Middlewares/FreeRTOS/heap_4.o
 .bss.xMinimumEverFreeBytesRemaining
                0x0000000020001084        0x4 Middlewares/FreeRTOS/heap_4.o
 .bss.xBlockAllocatedBit
                0x0000000020001088        0x4 Middlewares/FreeRTOS/heap_4.o
 .bss.pxCurrentTCB
                0x000000002000108c        0x4 Middlewares/FreeRTOS/tasks.o
                0x000000002000108c                pxCurrentTCB
 .bss.pxReadyTasksLists
                0x0000000020001090      0x460 Middlewares/FreeRTOS/tasks.o
 .bss.xDelayedTaskList1
                0x00000000200014f0       0x14 Middlewares/FreeRTOS/tasks.o
 .bss.xDelayedTaskList2
                0x0000000020001504       0x14 Middlewares/FreeRTOS/tasks.o
 .bss.pxDelayedTaskList
                0x0000000020001518        0x4 Middlewares/FreeRTOS/tasks.o
 .bss.pxOverflowDelayedTaskList
                0x000000002000151c        0x4 Middlewares/FreeRTOS/tasks.o
 .bss.xPendingReadyList
                0x0000000020001520       0x14 Middlewares/FreeRTOS/tasks.o
 .bss.xTasksWaitingTermination
                0x0000000020001534       0x14 Middlewares/FreeRTOS/tasks.o
 .bss.uxDeletedTasksWaitingCleanUp
                0x0000000020001548        0x4 Middlewares/FreeRTOS/tasks.o
 .bss.xSuspendedTaskList
                0x000000002000154c       0x14 Middlewares/FreeRTOS/tasks.o
 .bss.uxCurrentNumberOfTasks
                0x0000000020001560        0x4 Middlewares/FreeRTOS/tasks.o
 .bss.xTickCount
                0x0000000020001564        0x4 Middlewares/FreeRTOS/tasks.o
 .bss.uxTopReadyPriority
                0x0000000020001568        0x4 Middlewares/FreeRTOS/tasks.o
 .bss.xSchedulerRunning
                0x000000002000156c        0x4 Middlewares/FreeRTOS/tasks.o
 .bss.uxPendedTicks
                0x0000000020001570        0x4 Middlewares/FreeRTOS/tasks.o
 .bss.xYieldPending
                0x0000000020001574        0x4 Middlewares/FreeRTOS/tasks.o
 .bss.xNumOfOverflows
                0x0000000020001578        0x4 Middlewares/FreeRTOS/tasks.o
 .bss.uxTaskNumber
                0x000000002000157c        0x4 Middlewares/FreeRTOS/tasks.o
 .bss.xNextTaskUnblockTime
                0x0000000020001580        0x4 Middlewares/FreeRTOS/tasks.o
 .bss.uxSchedulerSuspended
                0x0000000020001584        0x4 Middlewares/FreeRTOS/tasks.o
 .bss.__malloc_free_list
                0x0000000020001588        0x4 /opt/truestudio/ARMTools/bin/../lib/gcc/arm-atollic-eabi/6.3.1/../../../../arm-atollic-eabi/lib/armv7e-m/fpu/libc_nano.a(lib_a-nano-mallocr.o)
                0x0000000020001588                __malloc_free_list
 .bss.__malloc_sbrk_start
                0x000000002000158c        0x4 /opt/truestudio/ARMTools/bin/../lib/gcc/arm-atollic-eabi/6.3.1/../../../../arm-atollic-eabi/lib/armv7e-m/fpu/libc_nano.a(lib_a-nano-mallocr.o)
                0x000000002000158c                __malloc_sbrk_start
 *(COMMON)
 COMMON         0x0000000020001590       0x4c Application/User/Core/i2c.o
                0x0000000020001590                hi2c1
 COMMON         0x00000000200015dc       0xbe Application/User/Core/main.o
                0x00000000200015dc                screenMain
                0x00000000200015f4                oled1
                0x0000000020001604                btn1set
                0x0000000020001608                screenSetup
                0x0000000020001620                screenData
                0x0000000020001638                screenTemp
                0x0000000020001650                screenLogo
                0x0000000020001668                sensdata
                0x0000000020001694                config
 *fill*         0x000000002000169a        0x2 
 COMMON         0x000000002000169c       0x24 Application/User/Core/rtc.o
                0x000000002000169c                hrtc
 COMMON         0x00000000200016c0       0x4c Application/User/Core/stm32l4xx_hal_timebase_tim.o
                0x00000000200016c0                htim6
 COMMON         0x000000002000170c       0x4c Application/User/Core/tim.o
                0x000000002000170c                htim2
 COMMON         0x0000000020001758       0x80 Application/User/Core/usart.o
                0x0000000020001758                huart2
 COMMON         0x00000000200017d8        0x4 Drivers/STM32L4xx_HAL_Driver/stm32l4xx_hal.o
                0x00000000200017d8                uwTick
 COMMON         0x00000000200017dc        0x4 /opt/truestudio/ARMTools/bin/../lib/gcc/arm-atollic-eabi/6.3.1/../../../../arm-atollic-eabi/lib/armv7e-m/fpu/libc_nano.a(lib_a-reent.o)
                0x00000000200017dc                errno
                0x00000000200017e0                . = ALIGN (0x4)
                0x00000000200017e0                _ebss = .
                0x00000000200017e0                __bss_end__ = _ebss

._user_heap_stack
                0x00000000200017e0      0x600 load address 0x00000000080075cc
                0x00000000200017e0                . = ALIGN (0x4)
                0x00000000200017e0                PROVIDE (end, .)
                [!provide]                        PROVIDE (_end, .)
                0x00000000200019e0                . = (. + _Min_Heap_Size)
 *fill*         0x00000000200017e0      0x200 
                0x0000000020001de0                . = (. + _Min_Stack_Size)
 *fill*         0x00000000200019e0      0x400 
                0x0000000020001de0                . = ALIGN (0x4)

/DISCARD/
 libc.a(*)
 libm.a(*)
 libgcc.a(*)

.ARM.attributes
                0x0000000000000000       0x30
 *(.ARM.attributes)
 .ARM.attributes
                0x0000000000000000       0x22 /opt/truestudio/ARMTools/bin/../lib/gcc/arm-atollic-eabi/6.3.1/armv7e-m/fpu/crti.o
 .ARM.attributes
                0x0000000000000022       0x34 /opt/truestudio/ARMTools/bin/../lib/gcc/arm-atollic-eabi/6.3.1/armv7e-m/fpu/crtbegin.o
 .ARM.attributes
                0x0000000000000056       0x21 Application/TrueSTUDIO/startup_stm32l432xx.o
 .ARM.attributes
                0x0000000000000077       0x39 Application/TrueSTUDIO/syscalls.o
 .ARM.attributes
                0x00000000000000b0       0x39 Application/User/Core/gpio.o
 .ARM.attributes
                0x00000000000000e9       0x39 Application/User/Core/i2c.o
 .ARM.attributes
                0x0000000000000122       0x39 Application/User/Core/main.o
 .ARM.attributes
                0x000000000000015b       0x39 Application/User/Core/omgui.o
 .ARM.attributes
                0x0000000000000194       0x39 Application/User/Core/rtc.o
 .ARM.attributes
                0x00000000000001cd       0x39 Application/User/Core/stm32l4xx_hal_msp.o
 .ARM.attributes
                0x0000000000000206       0x39 Application/User/Core/stm32l4xx_hal_timebase_tim.o
 .ARM.attributes
                0x000000000000023f       0x39 Application/User/Core/stm32l4xx_it.o
 .ARM.attributes
                0x0000000000000278       0x39 Application/User/Core/tim.o
 .ARM.attributes
                0x00000000000002b1       0x39 Application/User/Core/usart.o
 .ARM.attributes
                0x00000000000002ea       0x39 Drivers/CMSIS/system_stm32l4xx.o
 .ARM.attributes
                0x0000000000000323       0x39 Drivers/SSD1306_Driver/ssd1306.o
 .ARM.attributes
                0x000000000000035c       0x39 Drivers/SSD1306_Driver/ssd1306_fonts.o
 .ARM.attributes
                0x0000000000000395       0x39 Drivers/STM32L4xx_HAL_Driver/stm32l4xx_hal.o
 .ARM.attributes
                0x00000000000003ce       0x39 Drivers/STM32L4xx_HAL_Driver/stm32l4xx_hal_cortex.o
 .ARM.attributes
                0x0000000000000407       0x39 Drivers/STM32L4xx_HAL_Driver/stm32l4xx_hal_gpio.o
 .ARM.attributes
                0x0000000000000440       0x39 Drivers/STM32L4xx_HAL_Driver/stm32l4xx_hal_i2c.o
 .ARM.attributes
                0x0000000000000479       0x39 Drivers/STM32L4xx_HAL_Driver/stm32l4xx_hal_i2c_ex.o
 .ARM.attributes
                0x00000000000004b2       0x39 Drivers/STM32L4xx_HAL_Driver/stm32l4xx_hal_pwr_ex.o
 .ARM.attributes
                0x00000000000004eb       0x39 Drivers/STM32L4xx_HAL_Driver/stm32l4xx_hal_rcc.o
 .ARM.attributes
                0x0000000000000524       0x39 Drivers/STM32L4xx_HAL_Driver/stm32l4xx_hal_rcc_ex.o
 .ARM.attributes
                0x000000000000055d       0x39 Drivers/STM32L4xx_HAL_Driver/stm32l4xx_hal_rtc.o
 .ARM.attributes
                0x0000000000000596       0x39 Drivers/STM32L4xx_HAL_Driver/stm32l4xx_hal_tim.o
 .ARM.attributes
                0x00000000000005cf       0x39 Drivers/STM32L4xx_HAL_Driver/stm32l4xx_hal_tim_ex.o
 .ARM.attributes
                0x0000000000000608       0x39 Drivers/STM32L4xx_HAL_Driver/stm32l4xx_hal_uart.o
 .ARM.attributes
                0x0000000000000641       0x39 Middlewares/FreeRTOS/heap_4.o
 .ARM.attributes
                0x000000000000067a       0x39 Middlewares/FreeRTOS/list.o
 .ARM.attributes
                0x00000000000006b3       0x39 Middlewares/FreeRTOS/port.o
 .ARM.attributes
                0x00000000000006ec       0x39 Middlewares/FreeRTOS/tasks.o
 .ARM.attributes
                0x0000000000000725       0x34 /opt/truestudio/ARMTools/bin/../lib/gcc/arm-atollic-eabi/6.3.1/../../../../arm-atollic-eabi/lib/armv7e-m/fpu/libc_nano.a(lib_a-errno.o)
 .ARM.attributes
                0x0000000000000759       0x34 /opt/truestudio/ARMTools/bin/../lib/gcc/arm-atollic-eabi/6.3.1/../../../../arm-atollic-eabi/lib/armv7e-m/fpu/libc_nano.a(lib_a-impure.o)
 .ARM.attributes
                0x000000000000078d       0x34 /opt/truestudio/ARMTools/bin/../lib/gcc/arm-atollic-eabi/6.3.1/../../../../arm-atollic-eabi/lib/armv7e-m/fpu/libc_nano.a(lib_a-init.o)
 .ARM.attributes
                0x00000000000007c1       0x34 /opt/truestudio/ARMTools/bin/../lib/gcc/arm-atollic-eabi/6.3.1/../../../../arm-atollic-eabi/lib/armv7e-m/fpu/libc_nano.a(lib_a-memcpy-stub.o)
 .ARM.attributes
                0x00000000000007f5       0x34 /opt/truestudio/ARMTools/bin/../lib/gcc/arm-atollic-eabi/6.3.1/../../../../arm-atollic-eabi/lib/armv7e-m/fpu/libc_nano.a(lib_a-memset.o)
 .ARM.attributes
                0x0000000000000829       0x34 /opt/truestudio/ARMTools/bin/../lib/gcc/arm-atollic-eabi/6.3.1/../../../../arm-atollic-eabi/lib/armv7e-m/fpu/libc_nano.a(lib_a-sprintf.o)
 .ARM.attributes
                0x000000000000085d       0x34 /opt/truestudio/ARMTools/bin/../lib/gcc/arm-atollic-eabi/6.3.1/../../../../arm-atollic-eabi/lib/armv7e-m/fpu/libc_nano.a(lib_a-nano-svfprintf.o)
 .ARM.attributes
                0x0000000000000891       0x34 /opt/truestudio/ARMTools/bin/../lib/gcc/arm-atollic-eabi/6.3.1/../../../../arm-atollic-eabi/lib/armv7e-m/fpu/libc_nano.a(lib_a-nano-vfprintf_i.o)
 .ARM.attributes
                0x00000000000008c5       0x20 /opt/truestudio/ARMTools/bin/../lib/gcc/arm-atollic-eabi/6.3.1/../../../../arm-atollic-eabi/lib/armv7e-m/fpu/libc_nano.a(lib_a-memchr.o)
 .ARM.attributes
                0x00000000000008e5       0x34 /opt/truestudio/ARMTools/bin/../lib/gcc/arm-atollic-eabi/6.3.1/../../../../arm-atollic-eabi/lib/armv7e-m/fpu/libc_nano.a(lib_a-memmove.o)
 .ARM.attributes
                0x0000000000000919       0x34 /opt/truestudio/ARMTools/bin/../lib/gcc/arm-atollic-eabi/6.3.1/../../../../arm-atollic-eabi/lib/armv7e-m/fpu/libc_nano.a(lib_a-nano-freer.o)
 .ARM.attributes
                0x000000000000094d       0x34 /opt/truestudio/ARMTools/bin/../lib/gcc/arm-atollic-eabi/6.3.1/../../../../arm-atollic-eabi/lib/armv7e-m/fpu/libc_nano.a(lib_a-nano-mallocr.o)
 .ARM.attributes
                0x0000000000000981       0x34 /opt/truestudio/ARMTools/bin/../lib/gcc/arm-atollic-eabi/6.3.1/../../../../arm-atollic-eabi/lib/armv7e-m/fpu/libc_nano.a(lib_a-nano-reallocr.o)
 .ARM.attributes
                0x00000000000009b5       0x34 /opt/truestudio/ARMTools/bin/../lib/gcc/arm-atollic-eabi/6.3.1/../../../../arm-atollic-eabi/lib/armv7e-m/fpu/libc_nano.a(lib_a-sbrkr.o)
 .ARM.attributes
                0x00000000000009e9       0x34 /opt/truestudio/ARMTools/bin/../lib/gcc/arm-atollic-eabi/6.3.1/../../../../arm-atollic-eabi/lib/armv7e-m/fpu/libc_nano.a(lib_a-mlock.o)
 .ARM.attributes
                0x0000000000000a1d       0x34 /opt/truestudio/ARMTools/bin/../lib/gcc/arm-atollic-eabi/6.3.1/../../../../arm-atollic-eabi/lib/armv7e-m/fpu/libc_nano.a(lib_a-nano-msizer.o)
 .ARM.attributes
                0x0000000000000a51       0x34 /opt/truestudio/ARMTools/bin/../lib/gcc/arm-atollic-eabi/6.3.1/../../../../arm-atollic-eabi/lib/armv7e-m/fpu/libc_nano.a(lib_a-reent.o)
 .ARM.attributes
                0x0000000000000a85       0x22 /opt/truestudio/ARMTools/bin/../lib/gcc/arm-atollic-eabi/6.3.1/armv7e-m/fpu/libgcc.a(_aeabi_uldivmod.o)
 .ARM.attributes
                0x0000000000000aa7       0x34 /opt/truestudio/ARMTools/bin/../lib/gcc/arm-atollic-eabi/6.3.1/armv7e-m/fpu/libgcc.a(_udivmoddi4.o)
 .ARM.attributes
                0x0000000000000adb       0x22 /opt/truestudio/ARMTools/bin/../lib/gcc/arm-atollic-eabi/6.3.1/armv7e-m/fpu/libgcc.a(_dvmd_tls.o)
 .ARM.attributes
                0x0000000000000afd       0x22 /opt/truestudio/ARMTools/bin/../lib/gcc/arm-atollic-eabi/6.3.1/armv7e-m/fpu/crtn.o
OUTPUT(NucleoSpeedo.elf elf32-littlearm)

.debug_line     0x0000000000000000     0xbfde
 .debug_line    0x0000000000000000       0x7b Application/TrueSTUDIO/startup_stm32l432xx.o
 .debug_line    0x000000000000007b      0x32f Application/TrueSTUDIO/syscalls.o
 .debug_line    0x00000000000003aa      0x230 Application/User/Core/gpio.o
 .debug_line    0x00000000000005da      0x28c Application/User/Core/i2c.o
 .debug_line    0x0000000000000866      0x65d Application/User/Core/main.o
 .debug_line    0x0000000000000ec3      0x255 Application/User/Core/omgui.o
 .debug_line    0x0000000000001118      0x259 Application/User/Core/rtc.o
 .debug_line    0x0000000000001371      0x20a Application/User/Core/stm32l4xx_hal_msp.o
 .debug_line    0x000000000000157b      0x26d Application/User/Core/stm32l4xx_hal_timebase_tim.o
 .debug_line    0x00000000000017e8      0x2cf Application/User/Core/stm32l4xx_it.o
 .debug_line    0x0000000000001ab7      0x291 Application/User/Core/tim.o
 .debug_line    0x0000000000001d48      0x28c Application/User/Core/usart.o
 .debug_line    0x0000000000001fd4      0x22e Drivers/CMSIS/system_stm32l4xx.o
 .debug_line    0x0000000000002202      0x607 Drivers/SSD1306_Driver/ssd1306.o
 .debug_line    0x0000000000002809      0x122 Drivers/SSD1306_Driver/ssd1306_fonts.o
 .debug_line    0x000000000000292b      0x435 Drivers/STM32L4xx_HAL_Driver/stm32l4xx_hal.o
 .debug_line    0x0000000000002d60      0x553 Drivers/STM32L4xx_HAL_Driver/stm32l4xx_hal_cortex.o
 .debug_line    0x00000000000032b3      0x373 Drivers/STM32L4xx_HAL_Driver/stm32l4xx_hal_gpio.o
 .debug_line    0x0000000000003626     0x1614 Drivers/STM32L4xx_HAL_Driver/stm32l4xx_hal_i2c.o
 .debug_line    0x0000000000004c3a      0x366 Drivers/STM32L4xx_HAL_Driver/stm32l4xx_hal_i2c_ex.o
 .debug_line    0x0000000000004fa0      0x53c Drivers/STM32L4xx_HAL_Driver/stm32l4xx_hal_pwr_ex.o
 .debug_line    0x00000000000054dc      0x558 Drivers/STM32L4xx_HAL_Driver/stm32l4xx_hal_rcc.o
 .debug_line    0x0000000000005a34      0x788 Drivers/STM32L4xx_HAL_Driver/stm32l4xx_hal_rcc_ex.o
 .debug_line    0x00000000000061bc      0x5ba Drivers/STM32L4xx_HAL_Driver/stm32l4xx_hal_rtc.o
 .debug_line    0x0000000000006776     0x20c5 Drivers/STM32L4xx_HAL_Driver/stm32l4xx_hal_tim.o
 .debug_line    0x000000000000883b      0xff3 Drivers/STM32L4xx_HAL_Driver/stm32l4xx_hal_tim_ex.o
 .debug_line    0x000000000000982e      0xd62 Drivers/STM32L4xx_HAL_Driver/stm32l4xx_hal_uart.o
 .debug_line    0x000000000000a590      0x379 Middlewares/FreeRTOS/heap_4.o
 .debug_line    0x000000000000a909      0x2e3 Middlewares/FreeRTOS/list.o
 .debug_line    0x000000000000abec      0x3a6 Middlewares/FreeRTOS/port.o
 .debug_line    0x000000000000af92     0x104c Middlewares/FreeRTOS/tasks.o

.debug_info     0x0000000000000000    0x1d392
 .debug_info    0x0000000000000000       0x95 Application/TrueSTUDIO/startup_stm32l432xx.o
 .debug_info    0x0000000000000095      0xf16 Application/TrueSTUDIO/syscalls.o
 .debug_info    0x0000000000000fab      0x68f Application/User/Core/gpio.o
 .debug_info    0x000000000000163a      0xb94 Application/User/Core/i2c.o
 .debug_info    0x00000000000021ce     0x265c Application/User/Core/main.o
 .debug_info    0x000000000000482a      0x555 Application/User/Core/omgui.o
 .debug_info    0x0000000000004d7f      0x9eb Application/User/Core/rtc.o
 .debug_info    0x000000000000576a      0x6c8 Application/User/Core/stm32l4xx_hal_msp.o
 .debug_info    0x0000000000005e32      0xcf8 Application/User/Core/stm32l4xx_hal_timebase_tim.o
 .debug_info    0x0000000000006b2a      0x8f3 Application/User/Core/stm32l4xx_it.o
 .debug_info    0x000000000000741d      0xec5 Application/User/Core/tim.o
 .debug_info    0x00000000000082e2      0xbc0 Application/User/Core/usart.o
 .debug_info    0x0000000000008ea2      0x732 Drivers/CMSIS/system_stm32l4xx.o
 .debug_info    0x00000000000095d4     0x176c Drivers/SSD1306_Driver/ssd1306.o
 .debug_info    0x000000000000ad40      0x11f Drivers/SSD1306_Driver/ssd1306_fonts.o
 .debug_info    0x000000000000ae5f      0xace Drivers/STM32L4xx_HAL_Driver/stm32l4xx_hal.o
 .debug_info    0x000000000000b92d      0xeec Drivers/STM32L4xx_HAL_Driver/stm32l4xx_hal_cortex.o
 .debug_info    0x000000000000c819      0x9bf Drivers/STM32L4xx_HAL_Driver/stm32l4xx_hal_gpio.o
 .debug_info    0x000000000000d1d8     0x2107 Drivers/STM32L4xx_HAL_Driver/stm32l4xx_hal_i2c.o
 .debug_info    0x000000000000f2df      0xb7a Drivers/STM32L4xx_HAL_Driver/stm32l4xx_hal_i2c_ex.o
 .debug_info    0x000000000000fe59      0xad9 Drivers/STM32L4xx_HAL_Driver/stm32l4xx_hal_pwr_ex.o
 .debug_info    0x0000000000010932      0xcdb Drivers/STM32L4xx_HAL_Driver/stm32l4xx_hal_rcc.o
 .debug_info    0x000000000001160d      0xffc Drivers/STM32L4xx_HAL_Driver/stm32l4xx_hal_rcc_ex.o
 .debug_info    0x0000000000012609      0xecc Drivers/STM32L4xx_HAL_Driver/stm32l4xx_hal_rtc.o
 .debug_info    0x00000000000134d5     0x2a58 Drivers/STM32L4xx_HAL_Driver/stm32l4xx_hal_tim.o
 .debug_info    0x0000000000015f2d     0x1676 Drivers/STM32L4xx_HAL_Driver/stm32l4xx_hal_tim_ex.o
 .debug_info    0x00000000000175a3     0x1838 Drivers/STM32L4xx_HAL_Driver/stm32l4xx_hal_uart.o
 .debug_info    0x0000000000018ddb      0xbed Middlewares/FreeRTOS/heap_4.o
 .debug_info    0x00000000000199c8      0xace Middlewares/FreeRTOS/list.o
 .debug_info    0x000000000001a496      0x536 Middlewares/FreeRTOS/port.o
 .debug_info    0x000000000001a9cc     0x29c6 Middlewares/FreeRTOS/tasks.o

.debug_abbrev   0x0000000000000000     0x3a28
 .debug_abbrev  0x0000000000000000       0x12 Application/TrueSTUDIO/startup_stm32l432xx.o
 .debug_abbrev  0x0000000000000012      0x271 Application/TrueSTUDIO/syscalls.o
 .debug_abbrev  0x0000000000000283      0x140 Application/User/Core/gpio.o
 .debug_abbrev  0x00000000000003c3      0x1b0 Application/User/Core/i2c.o
 .debug_abbrev  0x0000000000000573      0x280 Application/User/Core/main.o
 .debug_abbrev  0x00000000000007f3      0x18d Application/User/Core/omgui.o
 .debug_abbrev  0x0000000000000980      0x15c Application/User/Core/rtc.o
 .debug_abbrev  0x0000000000000adc      0x13a Application/User/Core/stm32l4xx_hal_msp.o
 .debug_abbrev  0x0000000000000c16      0x196 Application/User/Core/stm32l4xx_hal_timebase_tim.o
 .debug_abbrev  0x0000000000000dac      0x164 Application/User/Core/stm32l4xx_it.o
 .debug_abbrev  0x0000000000000f10      0x1bd Application/User/Core/tim.o
 .debug_abbrev  0x00000000000010cd      0x1a5 Application/User/Core/usart.o
 .debug_abbrev  0x0000000000001272      0x14b Drivers/CMSIS/system_stm32l4xx.o
 .debug_abbrev  0x00000000000013bd      0x345 Drivers/SSD1306_Driver/ssd1306.o
 .debug_abbrev  0x0000000000001702       0x9e Drivers/SSD1306_Driver/ssd1306_fonts.o
 .debug_abbrev  0x00000000000017a0      0x1dc Drivers/STM32L4xx_HAL_Driver/stm32l4xx_hal.o
 .debug_abbrev  0x000000000000197c      0x2f5 Drivers/STM32L4xx_HAL_Driver/stm32l4xx_hal_cortex.o
 .debug_abbrev  0x0000000000001c71      0x1bb Drivers/STM32L4xx_HAL_Driver/stm32l4xx_hal_gpio.o
 .debug_abbrev  0x0000000000001e2c      0x225 Drivers/STM32L4xx_HAL_Driver/stm32l4xx_hal_i2c.o
 .debug_abbrev  0x0000000000002051      0x1b4 Drivers/STM32L4xx_HAL_Driver/stm32l4xx_hal_i2c_ex.o
 .debug_abbrev  0x0000000000002205      0x1c6 Drivers/STM32L4xx_HAL_Driver/stm32l4xx_hal_pwr_ex.o
 .debug_abbrev  0x00000000000023cb      0x240 Drivers/STM32L4xx_HAL_Driver/stm32l4xx_hal_rcc.o
 .debug_abbrev  0x000000000000260b      0x233 Drivers/STM32L4xx_HAL_Driver/stm32l4xx_hal_rcc_ex.o
 .debug_abbrev  0x000000000000283e      0x1d3 Drivers/STM32L4xx_HAL_Driver/stm32l4xx_hal_rtc.o
 .debug_abbrev  0x0000000000002a11      0x229 Drivers/STM32L4xx_HAL_Driver/stm32l4xx_hal_tim.o
 .debug_abbrev  0x0000000000002c3a      0x22f Drivers/STM32L4xx_HAL_Driver/stm32l4xx_hal_tim_ex.o
 .debug_abbrev  0x0000000000002e69      0x200 Drivers/STM32L4xx_HAL_Driver/stm32l4xx_hal_uart.o
 .debug_abbrev  0x0000000000003069      0x29b Middlewares/FreeRTOS/heap_4.o
 .debug_abbrev  0x0000000000003304      0x1cc Middlewares/FreeRTOS/list.o
 .debug_abbrev  0x00000000000034d0      0x20d Middlewares/FreeRTOS/port.o
 .debug_abbrev  0x00000000000036dd      0x34b Middlewares/FreeRTOS/tasks.o

.debug_aranges  0x0000000000000000     0x1748
 .debug_aranges
                0x0000000000000000       0x28 Application/TrueSTUDIO/startup_stm32l432xx.o
 .debug_aranges
                0x0000000000000028       0xb0 Application/TrueSTUDIO/syscalls.o
 .debug_aranges
                0x00000000000000d8       0x20 Application/User/Core/gpio.o
 .debug_aranges
                0x00000000000000f8       0x30 Application/User/Core/i2c.o
 .debug_aranges
                0x0000000000000128       0x78 Application/User/Core/main.o
 .debug_aranges
                0x00000000000001a0       0x40 Application/User/Core/omgui.o
 .debug_aranges
                0x00000000000001e0       0x30 Application/User/Core/rtc.o
 .debug_aranges
                0x0000000000000210       0x20 Application/User/Core/stm32l4xx_hal_msp.o
 .debug_aranges
                0x0000000000000230       0x30 Application/User/Core/stm32l4xx_hal_timebase_tim.o
 .debug_aranges
                0x0000000000000260       0x60 Application/User/Core/stm32l4xx_it.o
 .debug_aranges
                0x00000000000002c0       0x30 Application/User/Core/tim.o
 .debug_aranges
                0x00000000000002f0       0x30 Application/User/Core/usart.o
 .debug_aranges
                0x0000000000000320       0x28 Drivers/CMSIS/system_stm32l4xx.o
 .debug_aranges
                0x0000000000000348       0xc0 Drivers/SSD1306_Driver/ssd1306.o
 .debug_aranges
                0x0000000000000408       0x18 Drivers/SSD1306_Driver/ssd1306_fonts.o
 .debug_aranges
                0x0000000000000420      0x108 Drivers/STM32L4xx_HAL_Driver/stm32l4xx_hal.o
 .debug_aranges
                0x0000000000000528      0x118 Drivers/STM32L4xx_HAL_Driver/stm32l4xx_hal_cortex.o
 .debug_aranges
                0x0000000000000640       0x58 Drivers/STM32L4xx_HAL_Driver/stm32l4xx_hal_gpio.o
 .debug_aranges
                0x0000000000000698      0x290 Drivers/STM32L4xx_HAL_Driver/stm32l4xx_hal_i2c.o
 .debug_aranges
                0x0000000000000928       0x48 Drivers/STM32L4xx_HAL_Driver/stm32l4xx_hal_i2c_ex.o
 .debug_aranges
                0x0000000000000970      0x128 Drivers/STM32L4xx_HAL_Driver/stm32l4xx_hal_pwr_ex.o
 .debug_aranges
                0x0000000000000a98       0x88 Drivers/STM32L4xx_HAL_Driver/stm32l4xx_hal_rcc.o
 .debug_aranges
                0x0000000000000b20       0xf0 Drivers/STM32L4xx_HAL_Driver/stm32l4xx_hal_rcc_ex.o
 .debug_aranges
                0x0000000000000c10       0xc0 Drivers/STM32L4xx_HAL_Driver/stm32l4xx_hal_rtc.o
 .debug_aranges
                0x0000000000000cd0      0x3e0 Drivers/STM32L4xx_HAL_Driver/stm32l4xx_hal_tim.o
 .debug_aranges
                0x00000000000010b0      0x180 Drivers/STM32L4xx_HAL_Driver/stm32l4xx_hal_tim_ex.o
 .debug_aranges
                0x0000000000001230      0x210 Drivers/STM32L4xx_HAL_Driver/stm32l4xx_hal_uart.o
 .debug_aranges
                0x0000000000001440       0x50 Middlewares/FreeRTOS/heap_4.o
 .debug_aranges
                0x0000000000001490       0x40 Middlewares/FreeRTOS/list.o
 .debug_aranges
                0x00000000000014d0       0x80 Middlewares/FreeRTOS/port.o
 .debug_aranges
                0x0000000000001550      0x1f8 Middlewares/FreeRTOS/tasks.o

.debug_ranges   0x0000000000000000     0x1558
 .debug_ranges  0x0000000000000000       0x20 Application/TrueSTUDIO/startup_stm32l432xx.o
 .debug_ranges  0x0000000000000020       0xa0 Application/TrueSTUDIO/syscalls.o
 .debug_ranges  0x00000000000000c0       0x10 Application/User/Core/gpio.o
 .debug_ranges  0x00000000000000d0       0x20 Application/User/Core/i2c.o
 .debug_ranges  0x00000000000000f0       0x68 Application/User/Core/main.o
 .debug_ranges  0x0000000000000158       0x30 Application/User/Core/omgui.o
 .debug_ranges  0x0000000000000188       0x20 Application/User/Core/rtc.o
 .debug_ranges  0x00000000000001a8       0x10 Application/User/Core/stm32l4xx_hal_msp.o
 .debug_ranges  0x00000000000001b8       0x20 Application/User/Core/stm32l4xx_hal_timebase_tim.o
 .debug_ranges  0x00000000000001d8       0x50 Application/User/Core/stm32l4xx_it.o
 .debug_ranges  0x0000000000000228       0x20 Application/User/Core/tim.o
 .debug_ranges  0x0000000000000248       0x20 Application/User/Core/usart.o
 .debug_ranges  0x0000000000000268       0x18 Drivers/CMSIS/system_stm32l4xx.o
 .debug_ranges  0x0000000000000280       0xb0 Drivers/SSD1306_Driver/ssd1306.o
 .debug_ranges  0x0000000000000330       0xf8 Drivers/STM32L4xx_HAL_Driver/stm32l4xx_hal.o
 .debug_ranges  0x0000000000000428      0x108 Drivers/STM32L4xx_HAL_Driver/stm32l4xx_hal_cortex.o
 .debug_ranges  0x0000000000000530       0x48 Drivers/STM32L4xx_HAL_Driver/stm32l4xx_hal_gpio.o
 .debug_ranges  0x0000000000000578      0x280 Drivers/STM32L4xx_HAL_Driver/stm32l4xx_hal_i2c.o
 .debug_ranges  0x00000000000007f8       0x38 Drivers/STM32L4xx_HAL_Driver/stm32l4xx_hal_i2c_ex.o
 .debug_ranges  0x0000000000000830      0x118 Drivers/STM32L4xx_HAL_Driver/stm32l4xx_hal_pwr_ex.o
 .debug_ranges  0x0000000000000948       0x78 Drivers/STM32L4xx_HAL_Driver/stm32l4xx_hal_rcc.o
 .debug_ranges  0x00000000000009c0       0xe0 Drivers/STM32L4xx_HAL_Driver/stm32l4xx_hal_rcc_ex.o
 .debug_ranges  0x0000000000000aa0       0xb0 Drivers/STM32L4xx_HAL_Driver/stm32l4xx_hal_rtc.o
 .debug_ranges  0x0000000000000b50      0x3d0 Drivers/STM32L4xx_HAL_Driver/stm32l4xx_hal_tim.o
 .debug_ranges  0x0000000000000f20      0x170 Drivers/STM32L4xx_HAL_Driver/stm32l4xx_hal_tim_ex.o
 .debug_ranges  0x0000000000001090      0x200 Drivers/STM32L4xx_HAL_Driver/stm32l4xx_hal_uart.o
 .debug_ranges  0x0000000000001290       0x40 Middlewares/FreeRTOS/heap_4.o
 .debug_ranges  0x00000000000012d0       0x30 Middlewares/FreeRTOS/list.o
 .debug_ranges  0x0000000000001300       0x70 Middlewares/FreeRTOS/port.o
 .debug_ranges  0x0000000000001370      0x1e8 Middlewares/FreeRTOS/tasks.o

.debug_str      0x0000000000000000     0x7bbe
 .debug_str     0x0000000000000000      0x789 Application/TrueSTUDIO/syscalls.o
                                        0x875 (size before relaxing)
 .debug_str     0x0000000000000789      0x47a Application/User/Core/gpio.o
                                        0x67c (size before relaxing)
 .debug_str     0x0000000000000c03      0x462 Application/User/Core/i2c.o
                                        0xb07 (size before relaxing)
 .debug_str     0x0000000000001065     0x128c Application/User/Core/main.o
                                       0x20b6 (size before relaxing)
 .debug_str     0x00000000000022f1       0x69 Application/User/Core/omgui.o
                                        0x5bf (size before relaxing)
 .debug_str     0x000000000000235a       0xdb Application/User/Core/rtc.o
                                        0x902 (size before relaxing)
 .debug_str     0x0000000000002435       0x35 Application/User/Core/stm32l4xx_hal_msp.o
                                        0x9b6 (size before relaxing)
 .debug_str     0x000000000000246a       0xa1 Application/User/Core/stm32l4xx_hal_timebase_tim.o
                                        0xf5a (size before relaxing)
 .debug_str     0x000000000000250b       0xbe Application/User/Core/stm32l4xx_it.o
                                        0xa08 (size before relaxing)
 .debug_str     0x00000000000025c9      0x13e Application/User/Core/tim.o
                                       0x105a (size before relaxing)
 .debug_str     0x0000000000002707       0x60 Application/User/Core/usart.o
                                        0xa43 (size before relaxing)
 .debug_str     0x0000000000002767       0xc1 Drivers/CMSIS/system_stm32l4xx.o
                                        0x659 (size before relaxing)
 .debug_str     0x0000000000002828      0x376 Drivers/SSD1306_Driver/ssd1306.o
                                       0x10f7 (size before relaxing)
 .debug_str     0x0000000000002b9e       0x40 Drivers/SSD1306_Driver/ssd1306_fonts.o
                                        0x237 (size before relaxing)
 .debug_str     0x0000000000002bde      0x301 Drivers/STM32L4xx_HAL_Driver/stm32l4xx_hal.o
                                        0xcf2 (size before relaxing)
 .debug_str     0x0000000000002edf      0x492 Drivers/STM32L4xx_HAL_Driver/stm32l4xx_hal_cortex.o
                                        0xda9 (size before relaxing)
 .debug_str     0x0000000000003371      0x158 Drivers/STM32L4xx_HAL_Driver/stm32l4xx_hal_gpio.o
                                        0x801 (size before relaxing)
 .debug_str     0x00000000000034c9      0x88d Drivers/STM32L4xx_HAL_Driver/stm32l4xx_hal_i2c.o
                                       0x11c3 (size before relaxing)
 .debug_str     0x0000000000003d56       0xfc Drivers/STM32L4xx_HAL_Driver/stm32l4xx_hal_i2c_ex.o
                                        0xb77 (size before relaxing)
 .debug_str     0x0000000000003e52      0x4bd Drivers/STM32L4xx_HAL_Driver/stm32l4xx_hal_pwr_ex.o
                                        0xa2c (size before relaxing)
 .debug_str     0x000000000000430f      0x21a Drivers/STM32L4xx_HAL_Driver/stm32l4xx_hal_rcc.o
                                        0xa67 (size before relaxing)
 .debug_str     0x0000000000004529      0x456 Drivers/STM32L4xx_HAL_Driver/stm32l4xx_hal_rcc_ex.o
                                        0xd85 (size before relaxing)
 .debug_str     0x000000000000497f      0x22a Drivers/STM32L4xx_HAL_Driver/stm32l4xx_hal_rtc.o
                                        0xa37 (size before relaxing)
 .debug_str     0x0000000000004ba9      0xe39 Drivers/STM32L4xx_HAL_Driver/stm32l4xx_hal_tim.o
                                       0x18f3 (size before relaxing)
 .debug_str     0x00000000000059e2      0x6b5 Drivers/STM32L4xx_HAL_Driver/stm32l4xx_hal_tim_ex.o
                                       0x11e7 (size before relaxing)
 .debug_str     0x0000000000006097      0x711 Drivers/STM32L4xx_HAL_Driver/stm32l4xx_hal_uart.o
                                       0x10f6 (size before relaxing)
 .debug_str     0x00000000000067a8      0x22b Middlewares/FreeRTOS/heap_4.o
                                        0x844 (size before relaxing)
 .debug_str     0x00000000000069d3      0x164 Middlewares/FreeRTOS/list.o
                                        0x77a (size before relaxing)
 .debug_str     0x0000000000006b37      0x260 Middlewares/FreeRTOS/port.o
                                        0x49a (size before relaxing)
 .debug_str     0x0000000000006d97      0xe27 Middlewares/FreeRTOS/tasks.o
                                       0x15fc (size before relaxing)

.comment        0x0000000000000000       0x7c
 .comment       0x0000000000000000       0x7c Application/TrueSTUDIO/syscalls.o
                                         0x7d (size before relaxing)
 .comment       0x000000000000007c       0x7d Application/User/Core/gpio.o
 .comment       0x000000000000007c       0x7d Application/User/Core/i2c.o
 .comment       0x000000000000007c       0x7d Application/User/Core/main.o
 .comment       0x000000000000007c       0x7d Application/User/Core/omgui.o
 .comment       0x000000000000007c       0x7d Application/User/Core/rtc.o
 .comment       0x000000000000007c       0x7d Application/User/Core/stm32l4xx_hal_msp.o
 .comment       0x000000000000007c       0x7d Application/User/Core/stm32l4xx_hal_timebase_tim.o
 .comment       0x000000000000007c       0x7d Application/User/Core/stm32l4xx_it.o
 .comment       0x000000000000007c       0x7d Application/User/Core/tim.o
 .comment       0x000000000000007c       0x7d Application/User/Core/usart.o
 .comment       0x000000000000007c       0x7d Drivers/CMSIS/system_stm32l4xx.o
 .comment       0x000000000000007c       0x7d Drivers/SSD1306_Driver/ssd1306.o
 .comment       0x000000000000007c       0x7d Drivers/SSD1306_Driver/ssd1306_fonts.o
 .comment       0x000000000000007c       0x7d Drivers/STM32L4xx_HAL_Driver/stm32l4xx_hal.o
 .comment       0x000000000000007c       0x7d Drivers/STM32L4xx_HAL_Driver/stm32l4xx_hal_cortex.o
 .comment       0x000000000000007c       0x7d Drivers/STM32L4xx_HAL_Driver/stm32l4xx_hal_gpio.o
 .comment       0x000000000000007c       0x7d Drivers/STM32L4xx_HAL_Driver/stm32l4xx_hal_i2c.o
 .comment       0x000000000000007c       0x7d Drivers/STM32L4xx_HAL_Driver/stm32l4xx_hal_i2c_ex.o
 .comment       0x000000000000007c       0x7d Drivers/STM32L4xx_HAL_Driver/stm32l4xx_hal_pwr_ex.o
 .comment       0x000000000000007c       0x7d Drivers/STM32L4xx_HAL_Driver/stm32l4xx_hal_rcc.o
 .comment       0x000000000000007c       0x7d Drivers/STM32L4xx_HAL_Driver/stm32l4xx_hal_rcc_ex.o
 .comment       0x000000000000007c       0x7d Drivers/STM32L4xx_HAL_Driver/stm32l4xx_hal_rtc.o
 .comment       0x000000000000007c       0x7d Drivers/STM32L4xx_HAL_Driver/stm32l4xx_hal_tim.o
 .comment       0x000000000000007c       0x7d Drivers/STM32L4xx_HAL_Driver/stm32l4xx_hal_tim_ex.o
 .comment       0x000000000000007c       0x7d Drivers/STM32L4xx_HAL_Driver/stm32l4xx_hal_uart.o
 .comment       0x000000000000007c       0x7d Middlewares/FreeRTOS/heap_4.o
 .comment       0x000000000000007c       0x7d Middlewares/FreeRTOS/list.o
 .comment       0x000000000000007c       0x7d Middlewares/FreeRTOS/port.o
 .comment       0x000000000000007c       0x7d Middlewares/FreeRTOS/tasks.o

.debug_frame    0x0000000000000000     0x6344
 .debug_frame   0x0000000000000000      0x2d4 Application/TrueSTUDIO/syscalls.o
 .debug_frame   0x00000000000002d4       0x34 Application/User/Core/gpio.o
 .debug_frame   0x0000000000000308       0x74 Application/User/Core/i2c.o
 .debug_frame   0x000000000000037c      0x1d0 Application/User/Core/main.o
 .debug_frame   0x000000000000054c       0xc8 Application/User/Core/omgui.o
 .debug_frame   0x0000000000000614       0x84 Application/User/Core/rtc.o
 .debug_frame   0x0000000000000698       0x34 Application/User/Core/stm32l4xx_hal_msp.o
 .debug_frame   0x00000000000006cc       0x74 Application/User/Core/stm32l4xx_hal_timebase_tim.o
 .debug_frame   0x0000000000000740       0xfc Application/User/Core/stm32l4xx_it.o
 .debug_frame   0x000000000000083c       0x7c Application/User/Core/tim.o
 .debug_frame   0x00000000000008b8       0x74 Application/User/Core/usart.o
 .debug_frame   0x000000000000092c       0x58 Drivers/CMSIS/system_stm32l4xx.o
 .debug_frame   0x0000000000000984      0x324 Drivers/SSD1306_Driver/ssd1306.o
 .debug_frame   0x0000000000000ca8      0x3dc Drivers/STM32L4xx_HAL_Driver/stm32l4xx_hal.o
 .debug_frame   0x0000000000001084      0x498 Drivers/STM32L4xx_HAL_Driver/stm32l4xx_hal_cortex.o
 .debug_frame   0x000000000000151c      0x14c Drivers/STM32L4xx_HAL_Driver/stm32l4xx_hal_gpio.o
 .debug_frame   0x0000000000001668      0xbe4 Drivers/STM32L4xx_HAL_Driver/stm32l4xx_hal_i2c.o
 .debug_frame   0x000000000000224c      0x100 Drivers/STM32L4xx_HAL_Driver/stm32l4xx_hal_i2c_ex.o
 .debug_frame   0x000000000000234c      0x4a4 Drivers/STM32L4xx_HAL_Driver/stm32l4xx_hal_pwr_ex.o
 .debug_frame   0x00000000000027f0      0x1f4 Drivers/STM32L4xx_HAL_Driver/stm32l4xx_hal_rcc.o
 .debug_frame   0x00000000000029e4      0x3d0 Drivers/STM32L4xx_HAL_Driver/stm32l4xx_hal_rcc_ex.o
 .debug_frame   0x0000000000002db4      0x32c Drivers/STM32L4xx_HAL_Driver/stm32l4xx_hal_rtc.o
 .debug_frame   0x00000000000030e0     0x121c Drivers/STM32L4xx_HAL_Driver/stm32l4xx_hal_tim.o
 .debug_frame   0x00000000000042fc      0x6b0 Drivers/STM32L4xx_HAL_Driver/stm32l4xx_hal_tim_ex.o
 .debug_frame   0x00000000000049ac      0x974 Drivers/STM32L4xx_HAL_Driver/stm32l4xx_hal_uart.o
 .debug_frame   0x0000000000005320      0x108 Middlewares/FreeRTOS/heap_4.o
 .debug_frame   0x0000000000005428       0xd8 Middlewares/FreeRTOS/list.o
 .debug_frame   0x0000000000005500      0x1a8 Middlewares/FreeRTOS/port.o
 .debug_frame   0x00000000000056a8      0x8a8 Middlewares/FreeRTOS/tasks.o
 .debug_frame   0x0000000000005f50       0x20 /opt/truestudio/ARMTools/bin/../lib/gcc/arm-atollic-eabi/6.3.1/../../../../arm-atollic-eabi/lib/armv7e-m/fpu/libc_nano.a(lib_a-errno.o)
 .debug_frame   0x0000000000005f70       0x2c /opt/truestudio/ARMTools/bin/../lib/gcc/arm-atollic-eabi/6.3.1/../../../../arm-atollic-eabi/lib/armv7e-m/fpu/libc_nano.a(lib_a-init.o)
 .debug_frame   0x0000000000005f9c       0x28 /opt/truestudio/ARMTools/bin/../lib/gcc/arm-atollic-eabi/6.3.1/../../../../arm-atollic-eabi/lib/armv7e-m/fpu/libc_nano.a(lib_a-memcpy-stub.o)
 .debug_frame   0x0000000000005fc4       0x20 /opt/truestudio/ARMTools/bin/../lib/gcc/arm-atollic-eabi/6.3.1/../../../../arm-atollic-eabi/lib/armv7e-m/fpu/libc_nano.a(lib_a-memset.o)
 .debug_frame   0x0000000000005fe4       0x70 /opt/truestudio/ARMTools/bin/../lib/gcc/arm-atollic-eabi/6.3.1/../../../../arm-atollic-eabi/lib/armv7e-m/fpu/libc_nano.a(lib_a-sprintf.o)
 .debug_frame   0x0000000000006054       0x90 /opt/truestudio/ARMTools/bin/../lib/gcc/arm-atollic-eabi/6.3.1/../../../../arm-atollic-eabi/lib/armv7e-m/fpu/libc_nano.a(lib_a-nano-svfprintf.o)
 .debug_frame   0x00000000000060e4       0x60 /opt/truestudio/ARMTools/bin/../lib/gcc/arm-atollic-eabi/6.3.1/../../../../arm-atollic-eabi/lib/armv7e-m/fpu/libc_nano.a(lib_a-nano-vfprintf_i.o)
 .debug_frame   0x0000000000006144       0x28 /opt/truestudio/ARMTools/bin/../lib/gcc/arm-atollic-eabi/6.3.1/../../../../arm-atollic-eabi/lib/armv7e-m/fpu/libc_nano.a(lib_a-memmove.o)
 .debug_frame   0x000000000000616c       0x38 /opt/truestudio/ARMTools/bin/../lib/gcc/arm-atollic-eabi/6.3.1/../../../../arm-atollic-eabi/lib/armv7e-m/fpu/libc_nano.a(lib_a-nano-freer.o)
 .debug_frame   0x00000000000061a4       0x2c /opt/truestudio/ARMTools/bin/../lib/gcc/arm-atollic-eabi/6.3.1/../../../../arm-atollic-eabi/lib/armv7e-m/fpu/libc_nano.a(lib_a-nano-mallocr.o)
 .debug_frame   0x00000000000061d0       0x3c /opt/truestudio/ARMTools/bin/../lib/gcc/arm-atollic-eabi/6.3.1/../../../../arm-atollic-eabi/lib/armv7e-m/fpu/libc_nano.a(lib_a-nano-reallocr.o)
 .debug_frame   0x000000000000620c       0x2c /opt/truestudio/ARMTools/bin/../lib/gcc/arm-atollic-eabi/6.3.1/../../../../arm-atollic-eabi/lib/armv7e-m/fpu/libc_nano.a(lib_a-sbrkr.o)
 .debug_frame   0x0000000000006238       0x30 /opt/truestudio/ARMTools/bin/../lib/gcc/arm-atollic-eabi/6.3.1/../../../../arm-atollic-eabi/lib/armv7e-m/fpu/libc_nano.a(lib_a-mlock.o)
 .debug_frame   0x0000000000006268       0x20 /opt/truestudio/ARMTools/bin/../lib/gcc/arm-atollic-eabi/6.3.1/../../../../arm-atollic-eabi/lib/armv7e-m/fpu/libc_nano.a(lib_a-nano-msizer.o)
 .debug_frame   0x0000000000006288       0x5c /opt/truestudio/ARMTools/bin/../lib/gcc/arm-atollic-eabi/6.3.1/../../../../arm-atollic-eabi/lib/armv7e-m/fpu/libc_nano.a(lib_a-reent.o)
 .debug_frame   0x00000000000062e4       0x2c /opt/truestudio/ARMTools/bin/../lib/gcc/arm-atollic-eabi/6.3.1/armv7e-m/fpu/libgcc.a(_aeabi_uldivmod.o)
 .debug_frame   0x0000000000006310       0x34 /opt/truestudio/ARMTools/bin/../lib/gcc/arm-atollic-eabi/6.3.1/armv7e-m/fpu/libgcc.a(_udivmoddi4.o)
